
===========================================================================
report_checks -unconstrained
===========================================================================
======================= max_ss_100C_1v60 Corner ===================================

Startpoint: rst_n (input port clocked by clk)
Endpoint: _1576_ (recovery check against rising-edge clock clk)
Path Group: asynchronous
Path Type: max

Fanout         Cap        Slew       Delay        Time   Description
---------------------------------------------------------------------------------------------
                                  0.000000    0.000000   clock clk (rise edge)
                                  0.000000    0.000000   clock network delay (propagated)
                                500.000000  500.000000 ^ input external delay
     1    0.011861    0.093887    0.061846  500.061859 ^ rst_n (in)
                                                         rst_n (net)
                      0.093890    0.000000  500.061859 ^ input2/A (sky130_fd_sc_hd__buf_1)
     2    0.025330    0.482381    0.454406  500.516266 ^ input2/X (sky130_fd_sc_hd__buf_1)
                                                         net2 (net)
                      0.482385    0.001194  500.517456 ^ fanout119/A (sky130_fd_sc_hd__buf_2)
     7    0.042067    0.331767    0.554849  501.072296 ^ fanout119/X (sky130_fd_sc_hd__buf_2)
                                                         net119 (net)
                      0.331841    0.004775  501.077087 ^ fanout118/A (sky130_fd_sc_hd__clkbuf_4)
    10    0.048570    0.242259    0.491184  501.568268 ^ fanout118/X (sky130_fd_sc_hd__clkbuf_4)
                                                         net118 (net)
                      0.242329    0.003979  501.572235 ^ _1576_/RESET_B (sky130_fd_sc_hd__dfrtp_2)
                                            501.572235   data arrival time

                               2500.000000 2500.000000   clock clk (rise edge)
                                  0.000000 2500.000000   clock source latency
     1    0.020991    0.156891    0.107320 2500.107422 ^ clk (in)
                                                         clk (net)
                      0.156901    0.000000 2500.107422 ^ clkbuf_0_clk/A (sky130_fd_sc_hd__clkbuf_16)
     4    0.049798    0.106721    0.300133 2500.407471 ^ clkbuf_0_clk/X (sky130_fd_sc_hd__clkbuf_16)
                                                         clknet_0_clk (net)
                      0.106815    0.002728 2500.410156 ^ clkbuf_2_3__f_clk/A (sky130_fd_sc_hd__clkbuf_16)
    11    0.033825    0.085790    0.257387 2500.667480 ^ clkbuf_2_3__f_clk/X (sky130_fd_sc_hd__clkbuf_16)
                                                         clknet_2_3__leaf_clk (net)
                      0.085807    0.001364 2500.668945 ^ _1576_/CLK (sky130_fd_sc_hd__dfrtp_2)
                                 -0.250000 2500.418945   clock uncertainty
                                  0.000000 2500.418945   clock reconvergence pessimism
                                  0.376260 2500.795166   library recovery time
                                           2500.795166   data required time
---------------------------------------------------------------------------------------------
                                           2500.795166   data required time
                                           -501.572235   data arrival time
---------------------------------------------------------------------------------------------
                                           1999.222900   slack (MET)


Startpoint: ena (input port clocked by clk)
Endpoint: _1581_ (rising edge-triggered flip-flop clocked by clk)
Path Group: clk
Path Type: max

Fanout         Cap        Slew       Delay        Time   Description
---------------------------------------------------------------------------------------------
                                  0.000000    0.000000   clock clk (rise edge)
                                  0.000000    0.000000   clock network delay (propagated)
                                500.000000  500.000000 ^ input external delay
     1    0.009083    0.074876    0.047976  500.047974 ^ ena (in)
                                                         ena (net)
                      0.074879    0.000000  500.047974 ^ input1/A (sky130_fd_sc_hd__clkbuf_2)
     6    0.042660    0.363097    0.399893  500.447876 ^ input1/X (sky130_fd_sc_hd__clkbuf_2)
                                                         net1 (net)
                      0.363136    0.003126  500.451019 ^ _0787_/A (sky130_fd_sc_hd__inv_2)
     1    0.004848    0.076280    0.143530  500.594543 v _0787_/Y (sky130_fd_sc_hd__inv_2)
                                                         _0624_ (net)
                      0.076280    0.000341  500.594879 v fanout116/A (sky130_fd_sc_hd__buf_2)
     8    0.051982    0.238312    0.398870  500.993744 v fanout116/X (sky130_fd_sc_hd__buf_2)
                                                         net116 (net)
                      0.238381    0.003922  500.997681 v fanout115/A (sky130_fd_sc_hd__buf_2)
    10    0.050961    0.232813    0.475154  501.472839 v fanout115/X (sky130_fd_sc_hd__buf_2)
                                                         net115 (net)
                      0.233020    0.006253  501.479065 v _1496_/C (sky130_fd_sc_hd__or3_1)
     1    0.004958    0.160872    0.809678  502.288757 v _1496_/X (sky130_fd_sc_hd__or3_1)
                                                         _0720_ (net)
                      0.160872    0.000341  502.289093 v _1497_/D (sky130_fd_sc_hd__nor4_2)
     5    0.029418    1.197911    0.950706  503.239807 ^ _1497_/Y (sky130_fd_sc_hd__nor4_2)
                                                         _0721_ (net)
                      1.197914    0.001535  503.241333 ^ max_cap3/A (sky130_fd_sc_hd__clkbuf_2)
     6    0.029817    0.266757    0.692694  503.934021 ^ max_cap3/X (sky130_fd_sc_hd__clkbuf_2)
                                                         net3 (net)
                      0.266817    0.003922  503.937958 ^ _1516_/A1 (sky130_fd_sc_hd__a32o_1)
     1    0.004201    0.116769    0.404498  504.342438 ^ _1516_/X (sky130_fd_sc_hd__a32o_1)
                                                         _0011_ (net)
                      0.116769    0.000284  504.342743 ^ _1581_/D (sky130_fd_sc_hd__dfrtp_1)
                                            504.342743   data arrival time

                               2500.000000 2500.000000   clock clk (rise edge)
                                  0.000000 2500.000000   clock source latency
     1    0.020991    0.156891    0.107320 2500.107422 ^ clk (in)
                                                         clk (net)
                      0.156901    0.000000 2500.107422 ^ clkbuf_0_clk/A (sky130_fd_sc_hd__clkbuf_16)
     4    0.049798    0.106721    0.300133 2500.407471 ^ clkbuf_0_clk/X (sky130_fd_sc_hd__clkbuf_16)
                                                         clknet_0_clk (net)
                      0.106815    0.002728 2500.410156 ^ clkbuf_2_3__f_clk/A (sky130_fd_sc_hd__clkbuf_16)
    11    0.033825    0.085790    0.257387 2500.667480 ^ clkbuf_2_3__f_clk/X (sky130_fd_sc_hd__clkbuf_16)
                                                         clknet_2_3__leaf_clk (net)
                      0.085811    0.001364 2500.668945 ^ _1581_/CLK (sky130_fd_sc_hd__dfrtp_1)
                                 -0.250000 2500.418945   clock uncertainty
                                  0.000000 2500.418945   clock reconvergence pessimism
                                 -0.142046 2500.276611   library setup time
                                           2500.276611   data required time
---------------------------------------------------------------------------------------------
                                           2500.276611   data required time
                                           -504.342743   data arrival time
---------------------------------------------------------------------------------------------
                                           1995.933960   slack (MET)




===========================================================================
report_checks --slack_max -0.01
============================================================================
======================= max_ss_100C_1v60 Corner ===================================

No paths found.


===========================================================================
 report_check_types -max_slew -max_cap -max_fanout -violators
============================================================================
======================= max_ss_100C_1v60 Corner ===================================

max slew

Pin                                        Limit        Slew       Slack
------------------------------------------------------------------------
_1520_/A2                               0.750000    1.197915   -0.447915 (VIOLATED)
_1519_/A1                               0.750000    1.197914   -0.447914 (VIOLATED)
max_cap3/A                              0.750000    1.197914   -0.447914 (VIOLATED)
_1521_/A2                               0.750000    1.197913   -0.447913 (VIOLATED)
_1497_/Y                                0.750000    1.197911   -0.447911 (VIOLATED)
_1498_/B1_N                             0.750000    1.197911   -0.447911 (VIOLATED)
_1351_/A3                               0.750000    1.083101   -0.333101 (VIOLATED)
_1350_/Y                                0.750000    1.083090   -0.333090 (VIOLATED)
_1249_/A1_N                             0.750000    1.043676   -0.293676 (VIOLATED)
_1013_/B                                0.750000    1.043656   -0.293656 (VIOLATED)
_1128_/A2                               0.750000    1.043619   -0.293619 (VIOLATED)
_1012_/Y                                0.750000    1.043613   -0.293613 (VIOLATED)
_0858_/B                                0.750000    1.005930   -0.255930 (VIOLATED)
_0919_/A1                               0.750000    1.005929   -0.255929 (VIOLATED)
_1032_/B1                               0.750000    1.005927   -0.255927 (VIOLATED)
_0859_/B1                               0.750000    1.005923   -0.255923 (VIOLATED)
_0857_/Y                                0.750000    1.005909   -0.255909 (VIOLATED)
_0876_/B                                0.750000    1.005833   -0.255833 (VIOLATED)
ANTENNA_3/DIODE                         0.750000    1.005832   -0.255832 (VIOLATED)
_1205_/A                                0.750000    1.005825   -0.255825 (VIOLATED)
_1067_/B                                0.750000    1.005823   -0.255823 (VIOLATED)
_0873_/Y                                0.750000    1.005814   -0.255814 (VIOLATED)
max_cap13/A                             0.750000    1.005814   -0.255814 (VIOLATED)
_1234_/A2                               0.750000    0.962651   -0.212651 (VIOLATED)
ANTENNA_4/DIODE                         0.750000    0.962650   -0.212650 (VIOLATED)
_1120_/A3                               0.750000    0.962614   -0.212614 (VIOLATED)
_1006_/B1                               0.750000    0.962614   -0.212614 (VIOLATED)
_1004_/Y                                0.750000    0.962611   -0.212611 (VIOLATED)
_1026_/Y                                0.750000    0.957041   -0.207041 (VIOLATED)
_1027_/B                                0.750000    0.957041   -0.207041 (VIOLATED)
_1028_/B                                0.750000    0.957041   -0.207041 (VIOLATED)
max_cap7/A                              0.750000    0.957041   -0.207041 (VIOLATED)
_0917_/A2                               0.750000    0.946509   -0.196509 (VIOLATED)
_1291_/A1                               0.750000    0.946508   -0.196508 (VIOLATED)
_1409_/A2                               0.750000    0.946499   -0.196499 (VIOLATED)
_0908_/Y                                0.750000    0.946493   -0.196493 (VIOLATED)
_1322_/B1                               0.750000    0.930976   -0.180976 (VIOLATED)
_1311_/B1                               0.750000    0.930972   -0.180972 (VIOLATED)
_0992_/B1                               0.750000    0.930959   -0.180959 (VIOLATED)
_1387_/D1                               0.750000    0.930930   -0.180930 (VIOLATED)
_1360_/A1                               0.750000    0.930927   -0.180927 (VIOLATED)
_1088_/A1                               0.750000    0.930911   -0.180911 (VIOLATED)
_0843_/Y                                0.750000    0.930908   -0.180908 (VIOLATED)
_1136_/A1                               0.750000    0.924947   -0.174947 (VIOLATED)
_1413_/C1                               0.750000    0.924944   -0.174944 (VIOLATED)
_1425_/A2                               0.750000    0.924944   -0.174944 (VIOLATED)
_0980_/Y                                0.750000    0.924942   -0.174942 (VIOLATED)
_0963_/B                                0.750000    0.921598   -0.171598 (VIOLATED)
_1473_/A1                               0.750000    0.921597   -0.171597 (VIOLATED)
_1074_/C                                0.750000    0.921594   -0.171594 (VIOLATED)
_1261_/A3                               0.750000    0.921594   -0.171594 (VIOLATED)
_1327_/B1                               0.750000    0.921576   -0.171576 (VIOLATED)
_1228_/A1                               0.750000    0.921556   -0.171556 (VIOLATED)
_0875_/Y                                0.750000    0.921548   -0.171548 (VIOLATED)
_1409_/A3                               0.750000    0.892056   -0.142056 (VIOLATED)
_1036_/B                                0.750000    0.892053   -0.142053 (VIOLATED)
ANTENNA_5/DIODE                         0.750000    0.892052   -0.142052 (VIOLATED)
_1480_/A1                               0.750000    0.892046   -0.142046 (VIOLATED)
ANTENNA_6/DIODE                         0.750000    0.892046   -0.142046 (VIOLATED)
_1099_/A3                               0.750000    0.892009   -0.142009 (VIOLATED)
_1035_/Y                                0.750000    0.891998   -0.141998 (VIOLATED)
_1186_/A2                               0.750000    0.883429   -0.133429 (VIOLATED)
_1474_/A1                               0.750000    0.883422   -0.133422 (VIOLATED)
_1185_/X                                0.750000    0.883070   -0.133070 (VIOLATED)
_1341_/A1                               0.750000    0.875475   -0.125475 (VIOLATED)
_1303_/B1                               0.750000    0.875469   -0.125469 (VIOLATED)
_1332_/B1                               0.750000    0.875452   -0.125452 (VIOLATED)
_1381_/A1                               0.750000    0.875435   -0.125435 (VIOLATED)
_1061_/B2                               0.750000    0.875434   -0.125434 (VIOLATED)
_0888_/B                                0.750000    0.875425   -0.125425 (VIOLATED)
_1125_/B1                               0.750000    0.875413   -0.125413 (VIOLATED)
_1253_/B1                               0.750000    0.875413   -0.125413 (VIOLATED)
_1262_/A1                               0.750000    0.875395   -0.125395 (VIOLATED)
_1126_/A1                               0.750000    0.875365   -0.125365 (VIOLATED)
_0856_/Y                                0.750000    0.875346   -0.125346 (VIOLATED)
_0971_/A1                               0.750000    0.860441   -0.110441 (VIOLATED)
_1402_/A2                               0.750000    0.860433   -0.110433 (VIOLATED)
_1197_/A                                0.750000    0.860431   -0.110431 (VIOLATED)
_0850_/Y                                0.750000    0.860427   -0.110427 (VIOLATED)
_1396_/C1                               0.750000    0.836979   -0.086979 (VIOLATED)
_0967_/A2                               0.750000    0.836979   -0.086979 (VIOLATED)
_0964_/Y                                0.750000    0.836971   -0.086971 (VIOLATED)
_1233_/B                                0.750000    0.831497   -0.081497 (VIOLATED)
_1076_/B                                0.750000    0.831494   -0.081494 (VIOLATED)
_1161_/A2                               0.750000    0.831494   -0.081494 (VIOLATED)
_1061_/B1                               0.750000    0.831481   -0.081481 (VIOLATED)
_1262_/A2                               0.750000    0.831476   -0.081476 (VIOLATED)
_1126_/A2                               0.750000    0.831460   -0.081460 (VIOLATED)
_0925_/Y                                0.750000    0.831439   -0.081439 (VIOLATED)
_1069_/B2                               0.750000    0.822704   -0.072704 (VIOLATED)
_0965_/C                                0.750000    0.822697   -0.072697 (VIOLATED)
_0966_/A3                               0.750000    0.822696   -0.072696 (VIOLATED)
_1375_/A1                               0.750000    0.822677   -0.072677 (VIOLATED)
_1141_/A1                               0.750000    0.822655   -0.072655 (VIOLATED)
_1008_/B1                               0.750000    0.822630   -0.072630 (VIOLATED)
_1422_/B1                               0.750000    0.822628   -0.072628 (VIOLATED)
_1352_/A                                0.750000    0.822622   -0.072622 (VIOLATED)
_0894_/Y                                0.750000    0.822615   -0.072615 (VIOLATED)
_1189_/A2                               0.750000    0.813019   -0.063019 (VIOLATED)
_1443_/A0                               0.750000    0.813017   -0.063017 (VIOLATED)
_1383_/A1                               0.750000    0.813011   -0.063011 (VIOLATED)
_1406_/A1                               0.750000    0.812952   -0.062952 (VIOLATED)
_0922_/Y                                0.750000    0.812924   -0.062924 (VIOLATED)
_1420_/C                                0.750000    0.807968   -0.057968 (VIOLATED)
_1449_/A2                               0.750000    0.807967   -0.057967 (VIOLATED)
_1455_/A2                               0.750000    0.807967   -0.057967 (VIOLATED)
_1206_/A1                               0.750000    0.807964   -0.057964 (VIOLATED)
_1372_/B2                               0.750000    0.807954   -0.057954 (VIOLATED)
_1034_/B                                0.750000    0.807937   -0.057937 (VIOLATED)
_1064_/A2                               0.750000    0.807933   -0.057933 (VIOLATED)
_1269_/A3                               0.750000    0.807914   -0.057914 (VIOLATED)
_1325_/A2                               0.750000    0.807914   -0.057914 (VIOLATED)
_1286_/B                                0.750000    0.807911   -0.057911 (VIOLATED)
_0838_/Y                                0.750000    0.807903   -0.057903 (VIOLATED)
_1134_/A1                               0.750000    0.779457   -0.029457 (VIOLATED)
_1167_/B1                               0.750000    0.779446   -0.029446 (VIOLATED)
_1359_/B1                               0.750000    0.779432   -0.029432 (VIOLATED)
_1442_/A                                0.750000    0.779431   -0.029431 (VIOLATED)
_1284_/D1                               0.750000    0.779431   -0.029431 (VIOLATED)
_0844_/A2                               0.750000    0.779377   -0.029377 (VIOLATED)
_1535_/A1                               0.750000    0.779376   -0.029376 (VIOLATED)
_1249_/B1                               0.750000    0.779373   -0.029373 (VIOLATED)
_1550_/A1                               0.750000    0.779369   -0.029369 (VIOLATED)
_0841_/Y                                0.750000    0.779348   -0.029348 (VIOLATED)
_1069_/A3                               0.750000    0.778151   -0.028151 (VIOLATED)
_1344_/B2                               0.750000    0.778147   -0.028147 (VIOLATED)
_1433_/B1                               0.750000    0.778146   -0.028146 (VIOLATED)
_1183_/B                                0.750000    0.778143   -0.028143 (VIOLATED)
_1065_/Y                                0.750000    0.778141   -0.028141 (VIOLATED)
_1317_/B                                0.750000    0.775747   -0.025747 (VIOLATED)
_1112_/B                                0.750000    0.775744   -0.025744 (VIOLATED)
_1463_/B1                               0.750000    0.775740   -0.025740 (VIOLATED)
_1027_/Y                                0.750000    0.775730   -0.025730 (VIOLATED)
_1132_/B1                               0.750000    0.775389   -0.025389 (VIOLATED)
_1131_/Y                                0.750000    0.775378   -0.025378 (VIOLATED)
_1541_/A1                               0.750000    0.772889   -0.022889 (VIOLATED)
_1551_/B                                0.750000    0.772888   -0.022888 (VIOLATED)
_1546_/A2                               0.750000    0.772888   -0.022888 (VIOLATED)
_0853_/Y                                0.750000    0.772883   -0.022883 (VIOLATED)
_1358_/A1                               0.750000    0.768289   -0.018289 (VIOLATED)
_1177_/B1                               0.750000    0.768287   -0.018287 (VIOLATED)
_0876_/A                                0.750000    0.768282   -0.018282 (VIOLATED)
_0877_/A                                0.750000    0.768247   -0.018247 (VIOLATED)
_1281_/B                                0.750000    0.768211   -0.018211 (VIOLATED)
_1154_/A3                               0.750000    0.768207   -0.018207 (VIOLATED)
_1328_/A3                               0.750000    0.768204   -0.018204 (VIOLATED)
_0871_/Y                                0.750000    0.768201   -0.018201 (VIOLATED)

max fanout

Pin                                   Limit Fanout  Slack
---------------------------------------------------------
clkbuf_2_2__f_clk/X                      10     11        (VIOLATED)
clkbuf_2_3__f_clk/X                      10     11        (VIOLATED)



===========================================================================
report_parasitic_annotation -report_unannotated
============================================================================
Found 42 unannotated drivers.
 ui_in[0]
 ui_in[1]
 ui_in[2]
 ui_in[3]
 ui_in[4]
 ui_in[5]
 ui_in[6]
 ui_in[7]
 uio_in[0]
 uio_in[1]
 uio_in[2]
 uio_in[3]
 uio_in[4]
 uio_in[5]
 uio_in[6]
 uio_in[7]
 clkload0/Y
 clkload1/Y
 clkload2/X
 tt_um_audio_player_121/HI
 tt_um_audio_player_122/HI
 tt_um_audio_player_123/HI
 tt_um_audio_player_124/HI
 tt_um_audio_player_125/HI
 tt_um_audio_player_126/HI
 tt_um_audio_player_127/HI
 tt_um_audio_player_128/HI
 tt_um_audio_player_129/HI
 tt_um_audio_player_130/HI
 tt_um_audio_player_131/HI
 tt_um_audio_player_132/HI
 tt_um_audio_player_133/HI
 tt_um_audio_player_134/HI
 tt_um_audio_player_135/HI
 tt_um_audio_player_136/HI
 tt_um_audio_player_137/HI
 tt_um_audio_player_138/HI
 tt_um_audio_player_139/HI
 tt_um_audio_player_140/HI
 tt_um_audio_player_141/HI
 tt_um_audio_player_142/HI
 tt_um_audio_player_143/HI
Found 0 partially unannotated drivers.

===========================================================================
max slew violation count 147
max fanout violation count 2
max cap violation count 0
============================================================================

===========================================================================
check_setup -verbose -unconstrained_endpoints -multiple_clock -no_clock -no_input_delay -loops -generated_clocks
===========================================================================
Warning: There are 23 unconstrained endpoints.
  uio_oe[0]
  uio_oe[1]
  uio_oe[2]
  uio_oe[3]
  uio_oe[4]
  uio_oe[5]
  uio_oe[6]
  uio_oe[7]
  uio_out[0]
  uio_out[1]
  uio_out[2]
  uio_out[3]
  uio_out[4]
  uio_out[5]
  uio_out[6]
  uio_out[7]
  uo_out[1]
  uo_out[2]
  uo_out[3]
  uo_out[4]
  uo_out[5]
  uo_out[6]
  uo_out[7]
