
===========================================================================
report_checks -unconstrained
===========================================================================
======================= nom_tt_025C_1v80 Corner ===================================

Startpoint: rst_n (input port clocked by clk)
Endpoint: _1576_ (recovery check against rising-edge clock clk)
Path Group: asynchronous
Path Type: max

Fanout         Cap        Slew       Delay        Time   Description
---------------------------------------------------------------------------------------------
                                  0.000000    0.000000   clock clk (rise edge)
                                  0.000000    0.000000   clock network delay (propagated)
                                500.000000  500.000000 ^ input external delay
     1    0.006221    0.034652    0.021828  500.021851 ^ rst_n (in)
                                                         rst_n (net)
                      0.034653    0.000000  500.021851 ^ input2/A (sky130_fd_sc_hd__buf_1)
     2    0.011417    0.140823    0.145405  500.167236 ^ input2/X (sky130_fd_sc_hd__buf_1)
                                                         net2 (net)
                      0.140823    0.000000  500.167236 ^ fanout119/A (sky130_fd_sc_hd__buf_2)
     7    0.029967    0.150522    0.217540  500.384796 ^ fanout119/X (sky130_fd_sc_hd__buf_2)
                                                         net119 (net)
                      0.150522    0.000398  500.385193 ^ fanout118/A (sky130_fd_sc_hd__clkbuf_4)
    10    0.042456    0.135527    0.240277  500.625458 ^ fanout118/X (sky130_fd_sc_hd__clkbuf_4)
                                                         net118 (net)
                      0.135527    0.000568  500.626038 ^ _1576_/RESET_B (sky130_fd_sc_hd__dfrtp_2)
                                            500.626038   data arrival time

                               2500.000000 2500.000000   clock clk (rise edge)
                                  0.000000 2500.000000   clock source latency
     1    0.012579    0.062732    0.042519 2500.042480 ^ clk (in)
                                                         clk (net)
                      0.062734    0.000000 2500.042480 ^ clkbuf_0_clk/A (sky130_fd_sc_hd__clkbuf_16)
     4    0.038636    0.058594    0.147338 2500.189941 ^ clkbuf_0_clk/X (sky130_fd_sc_hd__clkbuf_16)
                                                         clknet_0_clk (net)
                      0.058596    0.000455 2500.190430 ^ clkbuf_2_3__f_clk/A (sky130_fd_sc_hd__clkbuf_16)
    11    0.026121    0.047297    0.136197 2500.326416 ^ clkbuf_2_3__f_clk/X (sky130_fd_sc_hd__clkbuf_16)
                                                         clknet_2_3__leaf_clk (net)
                      0.047297    0.000000 2500.326416 ^ _1576_/CLK (sky130_fd_sc_hd__dfrtp_2)
                                 -0.250000 2500.076416   clock uncertainty
                                  0.000000 2500.076416   clock reconvergence pessimism
                                  0.192887 2500.269287   library recovery time
                                           2500.269287   data required time
---------------------------------------------------------------------------------------------
                                           2500.269287   data required time
                                           -500.626038   data arrival time
---------------------------------------------------------------------------------------------
                                           1999.643311   slack (MET)


Startpoint: ena (input port clocked by clk)
Endpoint: _1577_ (rising edge-triggered flip-flop clocked by clk)
Path Group: clk
Path Type: max

Fanout         Cap        Slew       Delay        Time   Description
---------------------------------------------------------------------------------------------
                                  0.000000    0.000000   clock clk (rise edge)
                                  0.000000    0.000000   clock network delay (propagated)
                                500.000000  500.000000 ^ input external delay
     1    0.003851    0.024293    0.013983  500.014008 ^ ena (in)
                                                         ena (net)
                      0.024293    0.000000  500.014008 ^ input1/A (sky130_fd_sc_hd__clkbuf_2)
     5    0.026150    0.146450    0.170132  500.184143 ^ input1/X (sky130_fd_sc_hd__clkbuf_2)
                                                         net1 (net)
                      0.146450    0.000114  500.184235 ^ _0787_/A (sky130_fd_sc_hd__inv_2)
     1    0.003526    0.031904    0.041609  500.225861 v _0787_/Y (sky130_fd_sc_hd__inv_2)
                                                         _0624_ (net)
                      0.031904    0.000057  500.225922 v fanout116/A (sky130_fd_sc_hd__buf_2)
     8    0.028453    0.077114    0.163709  500.389618 v fanout116/X (sky130_fd_sc_hd__buf_2)
                                                         net116 (net)
                      0.077114    0.000000  500.389618 v fanout115/A (sky130_fd_sc_hd__buf_2)
    10    0.026355    0.072529    0.179853  500.569458 v fanout115/X (sky130_fd_sc_hd__buf_2)
                                                         net115 (net)
                      0.072534    0.000625  500.570099 v _1496_/C (sky130_fd_sc_hd__or3_1)
     1    0.005198    0.078064    0.329521  500.899628 v _1496_/X (sky130_fd_sc_hd__or3_1)
                                                         _0720_ (net)
                      0.078064    0.000057  500.899689 v _1497_/D (sky130_fd_sc_hd__nor4_2)
     5    0.014998    0.440507    0.326963  501.226624 ^ _1497_/Y (sky130_fd_sc_hd__nor4_2)
                                                         _0721_ (net)
                      0.440507    0.000000  501.226624 ^ max_cap3/A (sky130_fd_sc_hd__clkbuf_2)
     6    0.017419    0.105105    0.240163  501.466797 ^ max_cap3/X (sky130_fd_sc_hd__clkbuf_2)
                                                         net3 (net)
                      0.105105    0.000171  501.466980 ^ _1502_/A1 (sky130_fd_sc_hd__a32o_1)
     1    0.002434    0.050748    0.157343  501.624329 ^ _1502_/X (sky130_fd_sc_hd__a32o_1)
                                                         _0007_ (net)
                      0.050748    0.000000  501.624329 ^ _1577_/D (sky130_fd_sc_hd__dfrtp_2)
                                            501.624329   data arrival time

                               2500.000000 2500.000000   clock clk (rise edge)
                                  0.000000 2500.000000   clock source latency
     1    0.012579    0.062732    0.042519 2500.042480 ^ clk (in)
                                                         clk (net)
                      0.062734    0.000000 2500.042480 ^ clkbuf_0_clk/A (sky130_fd_sc_hd__clkbuf_16)
     4    0.038636    0.058594    0.147338 2500.189941 ^ clkbuf_0_clk/X (sky130_fd_sc_hd__clkbuf_16)
                                                         clknet_0_clk (net)
                      0.058595    0.000455 2500.190430 ^ clkbuf_2_2__f_clk/A (sky130_fd_sc_hd__clkbuf_16)
    11    0.026336    0.047499    0.136424 2500.326660 ^ clkbuf_2_2__f_clk/X (sky130_fd_sc_hd__clkbuf_16)
                                                         clknet_2_2__leaf_clk (net)
                      0.047499    0.000000 2500.326660 ^ _1577_/CLK (sky130_fd_sc_hd__dfrtp_2)
                                 -0.250000 2500.076660   clock uncertainty
                                  0.000000 2500.076660   clock reconvergence pessimism
                                 -0.064457 2500.012207   library setup time
                                           2500.012207   data required time
---------------------------------------------------------------------------------------------
                                           2500.012207   data required time
                                           -501.624329   data arrival time
---------------------------------------------------------------------------------------------
                                           1998.387939   slack (MET)




===========================================================================
report_checks --slack_max -0.01
============================================================================
======================= nom_tt_025C_1v80 Corner ===================================

No paths found.


===========================================================================
 report_check_types -max_slew -max_cap -max_fanout -violators
============================================================================
======================= nom_tt_025C_1v80 Corner ===================================

max fanout

Pin                                   Limit Fanout  Slack
---------------------------------------------------------
clkbuf_2_2__f_clk/X                      10     11        (VIOLATED)
clkbuf_2_3__f_clk/X                      10     11        (VIOLATED)



===========================================================================
report_parasitic_annotation -report_unannotated
============================================================================
Found 42 unannotated drivers.
 ui_in[0]
 ui_in[1]
 ui_in[2]
 ui_in[3]
 ui_in[4]
 ui_in[5]
 ui_in[6]
 ui_in[7]
 uio_in[0]
 uio_in[1]
 uio_in[2]
 uio_in[3]
 uio_in[4]
 uio_in[5]
 uio_in[6]
 uio_in[7]
 clkload0/Y
 clkload1/Y
 clkload2/X
 tt_um_audio_player_121/HI
 tt_um_audio_player_122/HI
 tt_um_audio_player_123/HI
 tt_um_audio_player_124/HI
 tt_um_audio_player_125/HI
 tt_um_audio_player_126/HI
 tt_um_audio_player_127/HI
 tt_um_audio_player_128/HI
 tt_um_audio_player_129/HI
 tt_um_audio_player_130/HI
 tt_um_audio_player_131/HI
 tt_um_audio_player_132/HI
 tt_um_audio_player_133/HI
 tt_um_audio_player_134/HI
 tt_um_audio_player_135/HI
 tt_um_audio_player_136/HI
 tt_um_audio_player_137/HI
 tt_um_audio_player_138/HI
 tt_um_audio_player_139/HI
 tt_um_audio_player_140/HI
 tt_um_audio_player_141/HI
 tt_um_audio_player_142/HI
 tt_um_audio_player_143/HI
Found 0 partially unannotated drivers.

===========================================================================
max slew violation count 0
Writing metric design__max_slew_violation__count__corner:nom_tt_025C_1v80: 0
max fanout violation count 2
Writing metric design__max_fanout_violation__count__corner:nom_tt_025C_1v80: 2
max cap violation count 0
Writing metric design__max_cap_violation__count__corner:nom_tt_025C_1v80: 0
============================================================================

===========================================================================
check_setup -verbose -unconstrained_endpoints -multiple_clock -no_clock -no_input_delay -loops -generated_clocks
===========================================================================
Warning: There are 23 unconstrained endpoints.
  uio_oe[0]
  uio_oe[1]
  uio_oe[2]
  uio_oe[3]
  uio_oe[4]
  uio_oe[5]
  uio_oe[6]
  uio_oe[7]
  uio_out[0]
  uio_out[1]
  uio_out[2]
  uio_out[3]
  uio_out[4]
  uio_out[5]
  uio_out[6]
  uio_out[7]
  uo_out[1]
  uo_out[2]
  uo_out[3]
  uo_out[4]
  uo_out[5]
  uo_out[6]
  uo_out[7]
