
===========================================================================
 report_power
============================================================================
======================= nom_tt_025C_1v80 Corner ===================================

Group                    Internal    Switching      Leakage        Total
                            Power        Power        Power        Power (Watts)
------------------------------------------------------------------------
Sequential           6.500404e-07 7.401074e-08 4.526934e-10 7.245039e-07  11.0%
Combinational        2.165212e-06 3.131895e-06 3.110247e-09 5.300218e-06  80.5%
Clock                3.751707e-07 1.840724e-07 3.229961e-10 5.595662e-07   8.5%
Macro                0.000000e+00 0.000000e+00 0.000000e+00 0.000000e+00   0.0%
Pad                  0.000000e+00 0.000000e+00 0.000000e+00 0.000000e+00   0.0%
------------------------------------------------------------------------
Total                3.190423e-06 3.389978e-06 3.885939e-09 6.584287e-06 100.0%
                            48.5%        51.5%         0.1%
Writing metric power__internal__total: 3.1904228308121674e-6
Writing metric power__switching__total: 3.389978473933297e-6
Writing metric power__leakage__total: 3.8859386819467545e-9
Writing metric power__total: 6.584287348232465e-6

