
===========================================================================
report_checks -unconstrained
===========================================================================
======================= nom_ff_n40C_1v95 Corner ===================================

Startpoint: rst_n (input port clocked by clk)
Endpoint: _1576_ (recovery check against rising-edge clock clk)
Path Group: asynchronous
Path Type: max

Fanout         Cap        Slew       Delay        Time   Description
---------------------------------------------------------------------------------------------
                                  0.000000    0.000000   clock clk (rise edge)
                                  0.000000    0.000000   clock network delay (propagated)
                                500.000000  500.000000 ^ input external delay
     1    0.011127    0.042340    0.027910  500.027924 ^ rst_n (in)
                                                         rst_n (net)
                      0.042342    0.000000  500.027924 ^ input2/A (sky130_fd_sc_hd__buf_1)
     2    0.023958    0.211738    0.177749  500.205658 ^ input2/X (sky130_fd_sc_hd__buf_1)
                                                         net2 (net)
                      0.211739    0.000455  500.206116 ^ fanout119/A (sky130_fd_sc_hd__buf_2)
     7    0.041858    0.155182    0.186731  500.392853 ^ fanout119/X (sky130_fd_sc_hd__buf_2)
                                                         net119 (net)
                      0.155236    0.002387  500.395233 ^ fanout118/A (sky130_fd_sc_hd__clkbuf_4)
    10    0.050253    0.118789    0.180762  500.576019 ^ fanout118/X (sky130_fd_sc_hd__clkbuf_4)
                                                         net118 (net)
                      0.118885    0.001990  500.578003 ^ _1576_/RESET_B (sky130_fd_sc_hd__dfrtp_2)
                                            500.578003   data arrival time

                               2500.000000 2500.000000   clock clk (rise edge)
                                  0.000000 2500.000000   clock source latency
     1    0.020256    0.072563    0.049567 2500.049561 ^ clk (in)
                                                         clk (net)
                      0.072570    0.000000 2500.049561 ^ clkbuf_0_clk/A (sky130_fd_sc_hd__clkbuf_16)
     4    0.048724    0.051483    0.113005 2500.162598 ^ clkbuf_0_clk/X (sky130_fd_sc_hd__clkbuf_16)
                                                         clknet_0_clk (net)
                      0.051522    0.001364 2500.164062 ^ clkbuf_2_3__f_clk/A (sky130_fd_sc_hd__clkbuf_16)
    11    0.034410    0.041275    0.099817 2500.263672 ^ clkbuf_2_3__f_clk/X (sky130_fd_sc_hd__clkbuf_16)
                                                         clknet_2_3__leaf_clk (net)
                      0.041277    0.000455 2500.264160 ^ _1576_/CLK (sky130_fd_sc_hd__dfrtp_2)
                                 -0.250000 2500.014160   clock uncertainty
                                  0.000000 2500.014160   clock reconvergence pessimism
                                  0.112753 2500.126953   library recovery time
                                           2500.126953   data required time
---------------------------------------------------------------------------------------------
                                           2500.126953   data required time
                                           -500.578003   data arrival time
---------------------------------------------------------------------------------------------
                                           1999.548950   slack (MET)


Startpoint: ena (input port clocked by clk)
Endpoint: _1581_ (rising edge-triggered flip-flop clocked by clk)
Path Group: clk
Path Type: max

Fanout         Cap        Slew       Delay        Time   Description
---------------------------------------------------------------------------------------------
                                  0.000000    0.000000   clock clk (rise edge)
                                  0.000000    0.000000   clock network delay (propagated)
                                500.000000  500.000000 ^ input external delay
     1    0.008548    0.033611    0.021600  500.021606 ^ ena (in)
                                                         ena (net)
                      0.033613    0.000000  500.021606 ^ input1/A (sky130_fd_sc_hd__clkbuf_2)
     6    0.040632    0.170549    0.162970  500.184570 ^ input1/X (sky130_fd_sc_hd__clkbuf_2)
                                                         net1 (net)
                      0.170563    0.001307  500.185883 ^ _0787_/A (sky130_fd_sc_hd__inv_2)
     1    0.004618    0.034267    0.016655  500.202545 v _0787_/Y (sky130_fd_sc_hd__inv_2)
                                                         _0624_ (net)
                      0.034267    0.000171  500.202728 v fanout116/A (sky130_fd_sc_hd__buf_2)
     8    0.049744    0.084541    0.135742  500.338470 v fanout116/X (sky130_fd_sc_hd__buf_2)
                                                         net116 (net)
                      0.084583    0.001592  500.340057 v fanout115/A (sky130_fd_sc_hd__buf_2)
    10    0.049138    0.083388    0.156035  500.496094 v fanout115/X (sky130_fd_sc_hd__buf_2)
                                                         net115 (net)
                      0.083607    0.003240  500.499329 v _1496_/C (sky130_fd_sc_hd__or3_1)
     1    0.004793    0.050760    0.197076  500.696411 v _1496_/X (sky130_fd_sc_hd__or3_1)
                                                         _0720_ (net)
                      0.050760    0.000171  500.696564 v _1497_/D (sky130_fd_sc_hd__nor4_2)
     5    0.028244    0.498753    0.366811  501.063385 ^ _1497_/Y (sky130_fd_sc_hd__nor4_2)
                                                         _0721_ (net)
                      0.498755    0.000682  501.064056 ^ max_cap3/A (sky130_fd_sc_hd__clkbuf_2)
     6    0.028569    0.124985    0.171269  501.235321 ^ max_cap3/X (sky130_fd_sc_hd__clkbuf_2)
                                                         net3 (net)
                      0.125071    0.001762  501.237091 ^ _1516_/A1 (sky130_fd_sc_hd__a32o_1)
     1    0.004260    0.044648    0.104080  501.341187 ^ _1516_/X (sky130_fd_sc_hd__a32o_1)
                                                         _0011_ (net)
                      0.044648    0.000114  501.341278 ^ _1581_/D (sky130_fd_sc_hd__dfrtp_1)
                                            501.341278   data arrival time

                               2500.000000 2500.000000   clock clk (rise edge)
                                  0.000000 2500.000000   clock source latency
     1    0.020256    0.072563    0.049567 2500.049561 ^ clk (in)
                                                         clk (net)
                      0.072570    0.000000 2500.049561 ^ clkbuf_0_clk/A (sky130_fd_sc_hd__clkbuf_16)
     4    0.048724    0.051483    0.113005 2500.162598 ^ clkbuf_0_clk/X (sky130_fd_sc_hd__clkbuf_16)
                                                         clknet_0_clk (net)
                      0.051522    0.001364 2500.164062 ^ clkbuf_2_3__f_clk/A (sky130_fd_sc_hd__clkbuf_16)
    11    0.034410    0.041275    0.099817 2500.263672 ^ clkbuf_2_3__f_clk/X (sky130_fd_sc_hd__clkbuf_16)
                                                         clknet_2_3__leaf_clk (net)
                      0.041278    0.000455 2500.264160 ^ _1581_/CLK (sky130_fd_sc_hd__dfrtp_1)
                                 -0.250000 2500.014160   clock uncertainty
                                  0.000000 2500.014160   clock reconvergence pessimism
                                 -0.034739 2499.979248   library setup time
                                           2499.979248   data required time
---------------------------------------------------------------------------------------------
                                           2499.979248   data required time
                                           -501.341278   data arrival time
---------------------------------------------------------------------------------------------
                                           1998.638062   slack (MET)




===========================================================================
report_checks --slack_max -0.01
============================================================================
======================= nom_ff_n40C_1v95 Corner ===================================

No paths found.


===========================================================================
 report_check_types -max_slew -max_cap -max_fanout -violators
============================================================================
======================= nom_ff_n40C_1v95 Corner ===================================

max fanout

Pin                                   Limit Fanout  Slack
---------------------------------------------------------
clkbuf_2_2__f_clk/X                      10     11        (VIOLATED)
clkbuf_2_3__f_clk/X                      10     11        (VIOLATED)



===========================================================================
report_parasitic_annotation -report_unannotated
============================================================================
Found 42 unannotated drivers.
 ui_in[0]
 ui_in[1]
 ui_in[2]
 ui_in[3]
 ui_in[4]
 ui_in[5]
 ui_in[6]
 ui_in[7]
 uio_in[0]
 uio_in[1]
 uio_in[2]
 uio_in[3]
 uio_in[4]
 uio_in[5]
 uio_in[6]
 uio_in[7]
 clkload0/Y
 clkload1/Y
 clkload2/X
 tt_um_audio_player_121/HI
 tt_um_audio_player_122/HI
 tt_um_audio_player_123/HI
 tt_um_audio_player_124/HI
 tt_um_audio_player_125/HI
 tt_um_audio_player_126/HI
 tt_um_audio_player_127/HI
 tt_um_audio_player_128/HI
 tt_um_audio_player_129/HI
 tt_um_audio_player_130/HI
 tt_um_audio_player_131/HI
 tt_um_audio_player_132/HI
 tt_um_audio_player_133/HI
 tt_um_audio_player_134/HI
 tt_um_audio_player_135/HI
 tt_um_audio_player_136/HI
 tt_um_audio_player_137/HI
 tt_um_audio_player_138/HI
 tt_um_audio_player_139/HI
 tt_um_audio_player_140/HI
 tt_um_audio_player_141/HI
 tt_um_audio_player_142/HI
 tt_um_audio_player_143/HI
Found 0 partially unannotated drivers.

===========================================================================
max slew violation count 0
max fanout violation count 2
max cap violation count 0
============================================================================

===========================================================================
check_setup -verbose -unconstrained_endpoints -multiple_clock -no_clock -no_input_delay -loops -generated_clocks
===========================================================================
Warning: There are 23 unconstrained endpoints.
  uio_oe[0]
  uio_oe[1]
  uio_oe[2]
  uio_oe[3]
  uio_oe[4]
  uio_oe[5]
  uio_oe[6]
  uio_oe[7]
  uio_out[0]
  uio_out[1]
  uio_out[2]
  uio_out[3]
  uio_out[4]
  uio_out[5]
  uio_out[6]
  uio_out[7]
  uo_out[1]
  uo_out[2]
  uo_out[3]
  uo_out[4]
  uo_out[5]
  uo_out[6]
  uo_out[7]
