
===========================================================================
 report_power
============================================================================
======================= nom_tt_025C_1v80 Corner ===================================

Group                    Internal    Switching      Leakage        Total
                            Power        Power        Power        Power (Watts)
------------------------------------------------------------------------
Sequential           6.519761e-07 8.925910e-07 4.136996e-10 1.544981e-06  25.9%
Combinational        2.130051e-06 2.284097e-06 2.399310e-09 4.416548e-06  74.1%
Clock                0.000000e+00 0.000000e+00 2.527229e-10 2.527229e-10   0.0%
Macro                0.000000e+00 0.000000e+00 0.000000e+00 0.000000e+00   0.0%
Pad                  0.000000e+00 0.000000e+00 0.000000e+00 0.000000e+00   0.0%
------------------------------------------------------------------------
Total                2.782029e-06 3.176689e-06 3.065735e-09 5.961784e-06 100.0%
                            46.7%        53.3%         0.1%
Writing metric power__internal__total: 2.7820294690172886e-6
Writing metric power__switching__total: 3.1766885513206944e-6
Writing metric power__leakage__total: 3.065734777152329e-9
Writing metric power__total: 5.961784154351335e-6

