
===========================================================================
report_checks -unconstrained
===========================================================================
======================= nom_tt_025C_1v80 Corner ===================================

Startpoint: rst_n (input port clocked by clk)
Endpoint: _1576_ (recovery check against rising-edge clock clk)
Path Group: asynchronous
Path Type: max

Fanout         Cap        Slew       Delay        Time   Description
---------------------------------------------------------------------------------------------
                                  0.000000    0.000000   clock clk (rise edge)
                                  0.000000    0.000000   clock network delay (propagated)
                                500.000000  500.000000 ^ input external delay
     1    0.011060    0.056159    0.037517  500.037537 ^ rst_n (in)
                                                         rst_n (net)
                      0.056161    0.000000  500.037537 ^ input2/A (sky130_fd_sc_hd__buf_1)
     2    0.023856    0.282937    0.251305  500.288849 ^ input2/X (sky130_fd_sc_hd__buf_1)
                                                         net2 (net)
                      0.282938    0.000455  500.289276 ^ fanout119/A (sky130_fd_sc_hd__buf_2)
     7    0.041860    0.206426    0.294108  500.583405 ^ fanout119/X (sky130_fd_sc_hd__buf_2)
                                                         net119 (net)
                      0.206453    0.002387  500.585785 ^ fanout118/A (sky130_fd_sc_hd__clkbuf_4)
    10    0.050331    0.157759    0.274440  500.860229 ^ fanout118/X (sky130_fd_sc_hd__clkbuf_4)
                                                         net118 (net)
                      0.157782    0.001990  500.862213 ^ _1576_/RESET_B (sky130_fd_sc_hd__dfrtp_2)
                                            500.862213   data arrival time

                               2500.000000 2500.000000   clock clk (rise edge)
                                  0.000000 2500.000000   clock source latency
     1    0.020187    0.096548    0.066393 2500.066406 ^ clk (in)
                                                         clk (net)
                      0.096554    0.000000 2500.066406 ^ clkbuf_0_clk/A (sky130_fd_sc_hd__clkbuf_16)
     4    0.048448    0.067386    0.166665 2500.233154 ^ clkbuf_0_clk/X (sky130_fd_sc_hd__clkbuf_16)
                                                         clknet_0_clk (net)
                      0.067413    0.001137 2500.234131 ^ clkbuf_2_3__f_clk/A (sky130_fd_sc_hd__clkbuf_16)
    11    0.033527    0.054076    0.145292 2500.379395 ^ clkbuf_2_3__f_clk/X (sky130_fd_sc_hd__clkbuf_16)
                                                         clknet_2_3__leaf_clk (net)
                      0.054078    0.000455 2500.379883 ^ _1576_/CLK (sky130_fd_sc_hd__dfrtp_2)
                                 -0.250000 2500.129883   clock uncertainty
                                  0.000000 2500.129883   clock reconvergence pessimism
                                  0.188368 2500.318115   library recovery time
                                           2500.318115   data required time
---------------------------------------------------------------------------------------------
                                           2500.318115   data required time
                                           -500.862213   data arrival time
---------------------------------------------------------------------------------------------
                                           1999.455933   slack (MET)


Startpoint: ena (input port clocked by clk)
Endpoint: _1581_ (rising edge-triggered flip-flop clocked by clk)
Path Group: clk
Path Type: max

Fanout         Cap        Slew       Delay        Time   Description
---------------------------------------------------------------------------------------------
                                  0.000000    0.000000   clock clk (rise edge)
                                  0.000000    0.000000   clock network delay (propagated)
                                500.000000  500.000000 ^ input external delay
     1    0.008511    0.044794    0.029274  500.029297 ^ ena (in)
                                                         ena (net)
                      0.044795    0.000000  500.029297 ^ input1/A (sky130_fd_sc_hd__clkbuf_2)
     6    0.040501    0.221799    0.227772  500.257050 ^ input1/X (sky130_fd_sc_hd__clkbuf_2)
                                                         net1 (net)
                      0.221809    0.001307  500.258362 ^ _0787_/A (sky130_fd_sc_hd__inv_2)
     1    0.004546    0.045474    0.052069  500.310425 v _0787_/Y (sky130_fd_sc_hd__inv_2)
                                                         _0624_ (net)
                      0.045474    0.000171  500.310608 v fanout116/A (sky130_fd_sc_hd__buf_2)
     8    0.049202    0.119210    0.203215  500.513824 v fanout116/X (sky130_fd_sc_hd__buf_2)
                                                         net116 (net)
                      0.119229    0.001592  500.515411 v fanout115/A (sky130_fd_sc_hd__buf_2)
    10    0.048121    0.116188    0.235445  500.750854 v fanout115/X (sky130_fd_sc_hd__buf_2)
                                                         net115 (net)
                      0.116296    0.003183  500.754028 v _1496_/C (sky130_fd_sc_hd__or3_1)
     1    0.004797    0.076023    0.341174  501.095215 v _1496_/X (sky130_fd_sc_hd__or3_1)
                                                         _0720_ (net)
                      0.076023    0.000171  501.095398 v _1497_/D (sky130_fd_sc_hd__nor4_2)
     5    0.028066    0.694900    0.531031  501.626404 ^ _1497_/Y (sky130_fd_sc_hd__nor4_2)
                                                         _0721_ (net)
                      0.694900    0.000682  501.627106 ^ max_cap3/A (sky130_fd_sc_hd__clkbuf_2)
     6    0.028280    0.161948    0.314685  501.941772 ^ max_cap3/X (sky130_fd_sc_hd__clkbuf_2)
                                                         net3 (net)
                      0.161965    0.001762  501.943542 ^ _1516_/A1 (sky130_fd_sc_hd__a32o_1)
     1    0.004180    0.064474    0.188038  502.131592 ^ _1516_/X (sky130_fd_sc_hd__a32o_1)
                                                         _0011_ (net)
                      0.064474    0.000114  502.131683 ^ _1581_/D (sky130_fd_sc_hd__dfrtp_1)
                                            502.131683   data arrival time

                               2500.000000 2500.000000   clock clk (rise edge)
                                  0.000000 2500.000000   clock source latency
     1    0.020187    0.096548    0.066393 2500.066406 ^ clk (in)
                                                         clk (net)
                      0.096554    0.000000 2500.066406 ^ clkbuf_0_clk/A (sky130_fd_sc_hd__clkbuf_16)
     4    0.048448    0.067386    0.166665 2500.233154 ^ clkbuf_0_clk/X (sky130_fd_sc_hd__clkbuf_16)
                                                         clknet_0_clk (net)
                      0.067413    0.001137 2500.234131 ^ clkbuf_2_3__f_clk/A (sky130_fd_sc_hd__clkbuf_16)
    11    0.033527    0.054076    0.145292 2500.379395 ^ clkbuf_2_3__f_clk/X (sky130_fd_sc_hd__clkbuf_16)
                                                         clknet_2_3__leaf_clk (net)
                      0.054078    0.000455 2500.379883 ^ _1581_/CLK (sky130_fd_sc_hd__dfrtp_1)
                                 -0.250000 2500.129883   clock uncertainty
                                  0.000000 2500.129883   clock reconvergence pessimism
                                 -0.062952 2500.066895   library setup time
                                           2500.066895   data required time
---------------------------------------------------------------------------------------------
                                           2500.066895   data required time
                                           -502.131683   data arrival time
---------------------------------------------------------------------------------------------
                                           1997.935303   slack (MET)




===========================================================================
report_checks --slack_max -0.01
============================================================================
======================= nom_tt_025C_1v80 Corner ===================================

No paths found.


===========================================================================
 report_check_types -max_slew -max_cap -max_fanout -violators
============================================================================
======================= nom_tt_025C_1v80 Corner ===================================

max fanout

Pin                                   Limit Fanout  Slack
---------------------------------------------------------
clkbuf_2_2__f_clk/X                      10     11        (VIOLATED)
clkbuf_2_3__f_clk/X                      10     11        (VIOLATED)



===========================================================================
report_parasitic_annotation -report_unannotated
============================================================================
Found 42 unannotated drivers.
 ui_in[0]
 ui_in[1]
 ui_in[2]
 ui_in[3]
 ui_in[4]
 ui_in[5]
 ui_in[6]
 ui_in[7]
 uio_in[0]
 uio_in[1]
 uio_in[2]
 uio_in[3]
 uio_in[4]
 uio_in[5]
 uio_in[6]
 uio_in[7]
 clkload0/Y
 clkload1/Y
 clkload2/X
 tt_um_audio_player_121/HI
 tt_um_audio_player_122/HI
 tt_um_audio_player_123/HI
 tt_um_audio_player_124/HI
 tt_um_audio_player_125/HI
 tt_um_audio_player_126/HI
 tt_um_audio_player_127/HI
 tt_um_audio_player_128/HI
 tt_um_audio_player_129/HI
 tt_um_audio_player_130/HI
 tt_um_audio_player_131/HI
 tt_um_audio_player_132/HI
 tt_um_audio_player_133/HI
 tt_um_audio_player_134/HI
 tt_um_audio_player_135/HI
 tt_um_audio_player_136/HI
 tt_um_audio_player_137/HI
 tt_um_audio_player_138/HI
 tt_um_audio_player_139/HI
 tt_um_audio_player_140/HI
 tt_um_audio_player_141/HI
 tt_um_audio_player_142/HI
 tt_um_audio_player_143/HI
Found 0 partially unannotated drivers.

===========================================================================
max slew violation count 0
max fanout violation count 2
max cap violation count 0
============================================================================

===========================================================================
check_setup -verbose -unconstrained_endpoints -multiple_clock -no_clock -no_input_delay -loops -generated_clocks
===========================================================================
Warning: There are 23 unconstrained endpoints.
  uio_oe[0]
  uio_oe[1]
  uio_oe[2]
  uio_oe[3]
  uio_oe[4]
  uio_oe[5]
  uio_oe[6]
  uio_oe[7]
  uio_out[0]
  uio_out[1]
  uio_out[2]
  uio_out[3]
  uio_out[4]
  uio_out[5]
  uio_out[6]
  uio_out[7]
  uo_out[1]
  uo_out[2]
  uo_out[3]
  uo_out[4]
  uo_out[5]
  uo_out[6]
  uo_out[7]
