
===========================================================================
 report_power
============================================================================
======================= nom_tt_025C_1v80 Corner ===================================

Group                    Internal    Switching      Leakage        Total
                            Power        Power        Power        Power (Watts)
------------------------------------------------------------------------
Sequential           6.488995e-07 1.295366e-07 4.526934e-10 7.788888e-07   9.2%
Combinational        2.197867e-06 4.884907e-06 3.200045e-09 7.085974e-06  83.6%
Clock                3.768544e-07 2.320464e-07 6.268619e-09 6.151695e-07   7.3%
Macro                0.000000e+00 0.000000e+00 0.000000e+00 0.000000e+00   0.0%
Pad                  0.000000e+00 0.000000e+00 0.000000e+00 0.000000e+00   0.0%
------------------------------------------------------------------------
Total                3.223621e-06 5.246489e-06 9.921336e-09 8.480032e-06 100.0%
                            38.0%        61.9%         0.1%

