
===========================================================================
 report_power
============================================================================
======================= min_ss_100C_1v60 Corner ===================================

Group                    Internal    Switching      Leakage        Total
                            Power        Power        Power        Power (Watts)
------------------------------------------------------------------------
Sequential           5.014186e-07 9.382213e-08 6.573865e-07 1.252627e-06  11.5%
Combinational        1.781633e-06 3.587265e-06 3.658244e-06 9.027141e-06  83.0%
Clock                3.077815e-07 1.719946e-07 1.123882e-07 5.921643e-07   5.4%
Macro                0.000000e+00 0.000000e+00 0.000000e+00 0.000000e+00   0.0%
Pad                  0.000000e+00 0.000000e+00 0.000000e+00 0.000000e+00   0.0%
------------------------------------------------------------------------
Total                2.590831e-06 3.853082e-06 4.428023e-06 1.087194e-05 100.0%
                            23.8%        35.4%        40.7%

