Net: _0419_
  Pin: _1204_/C (sky130_fd_sc_hd__and3_1)
    Layer: met4
      Partial area ratio:  170.71
      Required ratio:    0.00 (Gate area) 
      Partial area ratio:  914.29
      Required ratio: 2774.90 (Side area) 
      Cumulative area ratio:  275.56
      Required ratio:    0.00 (Cumulative area) 
      Cumulative area ratio: 1478.23
      Required ratio:    0.00 (Cumulative side area) 

    Layer: met3
      Partial area ratio:  103.12
      Required ratio:    0.00 (Gate area) 
      Partial area ratio:  553.78
      Required ratio:  400.00 (Side area) (VIOLATED)
      Cumulative area ratio:  104.84
      Required ratio:    0.00 (Cumulative area) 
      Cumulative area ratio:  563.94
      Required ratio:    0.00 (Cumulative side area) 

    Layer: met2
      Partial area ratio:    1.48
      Required ratio:    0.00 (Gate area) 
      Partial area ratio:    8.17
      Required ratio:  400.00 (Side area) 
      Cumulative area ratio:    1.72
      Required ratio:    0.00 (Cumulative area) 
      Cumulative area ratio:   10.17
      Required ratio:    0.00 (Cumulative side area) 

    Layer: met1
      Partial area ratio:    0.24
      Required ratio:    0.00 (Gate area) 
      Partial area ratio:    2.00
      Required ratio:  400.00 (Side area) 
      Cumulative area ratio:    0.24
      Required ratio:    0.00 (Cumulative area) 
      Cumulative area ratio:    2.00
      Required ratio:    0.00 (Cumulative side area) 

    Layer: li1
      Partial area ratio:    0.00
      Required ratio:    0.00 (Gate area) 
      Partial area ratio:    0.00
      Required ratio:   75.00 (Side area) 
      Cumulative area ratio:    0.00
      Required ratio:    0.00 (Cumulative area) 
      Cumulative area ratio:    0.00
      Required ratio:    0.00 (Cumulative side area) 

    Via: M3M4_PR
      Partial area ratio:    0.32
      Required ratio:    6.00 (Gate area) 
      Cumulative area ratio:    1.04
      Required ratio:    0.00 (Cumulative area) 

    Via: M2M3_PR
      Partial area ratio:    0.32
      Required ratio:    6.00 (Gate area) 
      Cumulative area ratio:    0.73
      Required ratio:    0.00 (Cumulative area) 

    Via: M1M2_PR
      Partial area ratio:    0.18
      Required ratio:    6.00 (Gate area) 
      Cumulative area ratio:    0.41
      Required ratio:    0.00 (Cumulative area) 

    Via: L1M1_PR_MR
      Partial area ratio:    0.23
      Required ratio:    3.00 (Gate area) 
      Cumulative area ratio:    0.23
      Required ratio:    0.00 (Cumulative area) 


Net: audio_player_inst.current_addr\[1\]
  Pin: fanout103/A (sky130_fd_sc_hd__buf_2)
    Layer: met4
      Partial area ratio:   19.53
      Required ratio:    0.00 (Gate area) 
      Partial area ratio:  105.66
      Required ratio: 2771.60 (Side area) 
      Cumulative area ratio:  151.76
      Required ratio:    0.00 (Cumulative area) 
      Cumulative area ratio:  822.01
      Required ratio:    0.00 (Cumulative side area) 

    Layer: met3
      Partial area ratio:  114.74
      Required ratio:    0.00 (Gate area) 
      Partial area ratio:  627.02
      Required ratio:  400.00 (Side area) (VIOLATED)
      Cumulative area ratio:  132.23
      Required ratio:    0.00 (Cumulative area) 
      Cumulative area ratio:  716.35
      Required ratio:    0.00 (Cumulative side area) 

    Layer: met2
      Partial area ratio:   17.50
      Required ratio:    0.00 (Gate area) 
      Partial area ratio:   89.33
      Required ratio:  400.00 (Side area) 
      Cumulative area ratio:   17.50
      Required ratio:    0.00 (Cumulative area) 
      Cumulative area ratio:   89.33
      Required ratio:    0.00 (Cumulative side area) 

    Layer: met1
      Partial area ratio:    0.00
      Required ratio:    0.00 (Gate area) 
      Partial area ratio:    0.00
      Required ratio:  400.00 (Side area) 
      Cumulative area ratio:    0.00
      Required ratio:    0.00 (Cumulative area) 
      Cumulative area ratio:    0.00
      Required ratio:    0.00 (Cumulative side area) 

    Layer: li1
      Partial area ratio:    0.00
      Required ratio:    0.00 (Gate area) 
      Partial area ratio:    0.00
      Required ratio:   75.00 (Side area) 
      Cumulative area ratio:    0.00
      Required ratio:    0.00 (Cumulative area) 
      Cumulative area ratio:    0.00
      Required ratio:    0.00 (Cumulative side area) 

    Via: M3M4_PR
      Partial area ratio:    0.25
      Required ratio:    6.00 (Gate area) 
      Cumulative area ratio:    0.83
      Required ratio:    0.00 (Cumulative area) 

    Via: M2M3_PR
      Partial area ratio:    0.25
      Required ratio:    6.00 (Gate area) 
      Cumulative area ratio:    0.57
      Required ratio:    0.00 (Cumulative area) 

    Via: M1M2_PR
      Partial area ratio:    0.14
      Required ratio:    6.00 (Gate area) 
      Cumulative area ratio:    0.32
      Required ratio:    0.00 (Cumulative area) 

    Via: L1M1_PR_MR
      Partial area ratio:    0.18
      Required ratio:    3.00 (Gate area) 
      Cumulative area ratio:    0.18
      Required ratio:    0.00 (Cumulative area) 

  Pin: fanout108/A (sky130_fd_sc_hd__buf_2)
    Layer: met1
      Partial area ratio:    2.18
      Required ratio:    0.00 (Gate area) 
      Partial area ratio:   12.77
      Required ratio:  400.00 (Side area) 
      Cumulative area ratio:    2.18
      Required ratio:    0.00 (Cumulative area) 
      Cumulative area ratio:   12.77
      Required ratio:    0.00 (Cumulative side area) 

    Layer: li1
      Partial area ratio:    0.00
      Required ratio:    0.00 (Gate area) 
      Partial area ratio:    0.00
      Required ratio:   75.00 (Side area) 
      Cumulative area ratio:    0.00
      Required ratio:    0.00 (Cumulative area) 
      Cumulative area ratio:    0.00
      Required ratio:    0.00 (Cumulative side area) 

    Via: M1M2_PR
      Partial area ratio:    0.14
      Required ratio:    6.00 (Gate area) 
      Cumulative area ratio:    0.32
      Required ratio:    0.00 (Cumulative area) 

    Via: L1M1_PR_MR
      Partial area ratio:    0.18
      Required ratio:    3.00 (Gate area) 
      Cumulative area ratio:    0.18
      Required ratio:    0.00 (Cumulative area) 


[INFO ANT-0002] Found 2 net violations.
[INFO ANT-0001] Found 2 pin violations.
