┏━━━━━━━━━━━━━━━━━━━━━━┳━━━━━━━━━━┳━━━━━━━━━━┳━━━━━━━━━━┳━━━━━━━━━━┳━━━━━━━━━━━┳━━━━━━━━━━┳━━━━━━━━━━━┳━━━━━━━━━━┳━━━━━━━━━━━┳━━━━━━━━━━┳━━━━━━━━━━━┳━━━━━━━━━━┓
┃                      ┃ Hold     ┃ Reg to   ┃          ┃          ┃ of which  ┃ Setup    ┃           ┃          ┃           ┃ of which ┃           ┃          ┃
┃                      ┃ Worst    ┃ Reg      ┃          ┃ Hold Vio ┃ reg to    ┃ Worst    ┃ Reg to    ┃ Setup    ┃ Setup Vio ┃ reg to   ┃ Max Cap   ┃ Max Slew ┃
┃ Corner/Group         ┃ Slack    ┃ Paths    ┃ Hold TNS ┃ Count    ┃ reg       ┃ Slack    ┃ Reg Paths ┃ TNS      ┃ Count     ┃ reg      ┃ Violatio… ┃ Violati… ┃
┡━━━━━━━━━━━━━━━━━━━━━━╇━━━━━━━━━━╇━━━━━━━━━━╇━━━━━━━━━━╇━━━━━━━━━━╇━━━━━━━━━━━╇━━━━━━━━━━╇━━━━━━━━━━━╇━━━━━━━━━━╇━━━━━━━━━━━╇━━━━━━━━━━╇━━━━━━━━━━━╇━━━━━━━━━━┩
│ Overall              │ 0.1282   │ N/A      │ 0.0000   │ 0        │ 0         │ 1995.93… │ N/A       │ 0.0000   │ 0         │ 0        │ 0         │ 147      │
│ nom_tt_025C_1v80     │ 0.3524   │ N/A      │ 0.0000   │ 0        │ 0         │ 1997.93… │ N/A       │ 0.0000   │ 0         │ 0        │ 0         │ 0        │
│ nom_ss_100C_1v60     │ 0.9405   │ N/A      │ 0.0000   │ 0        │ 0         │ 1996.04… │ N/A       │ 0.0000   │ 0         │ 0        │ 0         │ 114      │
│ nom_ff_n40C_1v95     │ 0.1332   │ N/A      │ 0.0000   │ 0        │ 0         │ 1998.63… │ N/A       │ 0.0000   │ 0         │ 0        │ 0         │ 0        │
│ min_tt_025C_1v80     │ 0.3444   │ N/A      │ 0.0000   │ 0        │ 0         │ 1998.00… │ N/A       │ 0.0000   │ 0         │ 0        │ 0         │ 0        │
│ min_ss_100C_1v60     │ 0.9264   │ N/A      │ 0.0000   │ 0        │ 0         │ 1996.18… │ N/A       │ 0.0000   │ 0         │ 0        │ 0         │ 75       │
│ min_ff_n40C_1v95     │ 0.1282   │ N/A      │ 0.0000   │ 0        │ 0         │ 1998.68… │ N/A       │ 0.0000   │ 0         │ 0        │ 0         │ 0        │
│ max_tt_025C_1v80     │ 0.3591   │ N/A      │ 0.0000   │ 0        │ 0         │ 1997.87… │ N/A       │ 0.0000   │ 0         │ 0        │ 0         │ 0        │
│ max_ss_100C_1v60     │ 0.9523   │ N/A      │ 0.0000   │ 0        │ 0         │ 1995.93… │ N/A       │ 0.0000   │ 0         │ 0        │ 0         │ 147      │
│ max_ff_n40C_1v95     │ 0.1375   │ N/A      │ 0.0000   │ 0        │ 0         │ 1998.60… │ N/A       │ 0.0000   │ 0         │ 0        │ 0         │ 0        │
└──────────────────────┴──────────┴──────────┴──────────┴──────────┴───────────┴──────────┴───────────┴──────────┴───────────┴──────────┴───────────┴──────────┘
