
===========================================================================
report_checks -unconstrained
===========================================================================
======================= nom_tt_025C_1v80 Corner ===================================

Startpoint: rst_n (input port clocked by clk)
Endpoint: _1576_ (recovery check against rising-edge clock clk)
Path Group: asynchronous
Path Type: max

Fanout         Cap        Slew       Delay        Time   Description
---------------------------------------------------------------------------------------------
                                  0.000000    0.000000   clock clk (rise edge)
                                  0.000000    0.000000   clock network delay (propagated)
                                500.000000  500.000000 ^ input external delay
     1    0.005994    0.033650    0.021089  500.021088 ^ rst_n (in)
                                                         rst_n (net)
                      0.033651    0.000000  500.021088 ^ input2/A (sky130_fd_sc_hd__buf_1)
     2    0.011344    0.139980    0.144496  500.165588 ^ input2/X (sky130_fd_sc_hd__buf_1)
                                                         net2 (net)
                      0.139980    0.000000  500.165588 ^ fanout119/A (sky130_fd_sc_hd__buf_2)
     7    0.031059    0.155593    0.220950  500.386536 ^ fanout119/X (sky130_fd_sc_hd__buf_2)
                                                         net119 (net)
                      0.155593    0.000341  500.386902 ^ fanout118/A (sky130_fd_sc_hd__clkbuf_4)
    10    0.042417    0.135437    0.241926  500.628815 ^ fanout118/X (sky130_fd_sc_hd__clkbuf_4)
                                                         net118 (net)
                      0.135437    0.000512  500.629333 ^ _1576_/RESET_B (sky130_fd_sc_hd__dfrtp_2)
                                            500.629333   data arrival time

                               2500.000000 2500.000000   clock clk (rise edge)
                                  0.000000 2500.000000   clock source latency
     1    0.012579    0.062732    0.042519 2500.042480 ^ clk (in)
                                                         clk (net)
                      0.062734    0.000000 2500.042480 ^ clkbuf_0_clk/A (sky130_fd_sc_hd__clkbuf_16)
     4    0.038636    0.058594    0.147338 2500.189941 ^ clkbuf_0_clk/X (sky130_fd_sc_hd__clkbuf_16)
                                                         clknet_0_clk (net)
                      0.058596    0.000455 2500.190430 ^ clkbuf_2_3__f_clk/A (sky130_fd_sc_hd__clkbuf_16)
    11    0.026860    0.047969    0.136879 2500.327148 ^ clkbuf_2_3__f_clk/X (sky130_fd_sc_hd__clkbuf_16)
                                                         clknet_2_3__leaf_clk (net)
                      0.047969    0.000227 2500.327393 ^ _1576_/CLK (sky130_fd_sc_hd__dfrtp_2)
                                 -0.250000 2500.077393   clock uncertainty
                                  0.000000 2500.077393   clock reconvergence pessimism
                                  0.193123 2500.270264   library recovery time
                                           2500.270264   data required time
---------------------------------------------------------------------------------------------
                                           2500.270264   data required time
                                           -500.629333   data arrival time
---------------------------------------------------------------------------------------------
                                           1999.640991   slack (MET)


Startpoint: ena (input port clocked by clk)
Endpoint: _1581_ (rising edge-triggered flip-flop clocked by clk)
Path Group: clk
Path Type: max

Fanout         Cap        Slew       Delay        Time   Description
---------------------------------------------------------------------------------------------
                                  0.000000    0.000000   clock clk (rise edge)
                                  0.000000    0.000000   clock network delay (propagated)
                                500.000000  500.000000 ^ input external delay
     1    0.005172    0.030043    0.018417  500.018433 ^ ena (in)
                                                         ena (net)
                      0.030043    0.000000  500.018433 ^ input1/A (sky130_fd_sc_hd__clkbuf_2)
     5    0.025520    0.143221    0.169848  500.188293 ^ input1/X (sky130_fd_sc_hd__clkbuf_2)
                                                         net1 (net)
                      0.143221    0.000114  500.188385 ^ _0787_/A (sky130_fd_sc_hd__inv_2)
     1    0.003004    0.029964    0.038824  500.227203 v _0787_/Y (sky130_fd_sc_hd__inv_2)
                                                         _0624_ (net)
                      0.029964    0.000000  500.227203 v fanout116/A (sky130_fd_sc_hd__buf_2)
     8    0.030087    0.080629    0.165869  500.393097 v fanout116/X (sky130_fd_sc_hd__buf_2)
                                                         net116 (net)
                      0.080629    0.000057  500.393127 v fanout115/A (sky130_fd_sc_hd__buf_2)
    10    0.031159    0.082809    0.190312  500.583466 v fanout115/X (sky130_fd_sc_hd__buf_2)
                                                         net115 (net)
                      0.082815    0.000739  500.584198 v _1496_/C (sky130_fd_sc_hd__or3_1)
     1    0.004360    0.076288    0.326622  500.910828 v _1496_/X (sky130_fd_sc_hd__or3_1)
                                                         _0720_ (net)
                      0.076288    0.000000  500.910828 v _1497_/D (sky130_fd_sc_hd__nor4_2)
     5    0.017432    0.491146    0.364651  501.275452 ^ _1497_/Y (sky130_fd_sc_hd__nor4_2)
                                                         _0721_ (net)
                      0.491146    0.000057  501.275513 ^ max_cap3/A (sky130_fd_sc_hd__clkbuf_2)
     6    0.019033    0.113812    0.253635  501.529144 ^ max_cap3/X (sky130_fd_sc_hd__clkbuf_2)
                                                         net3 (net)
                      0.113812    0.000455  501.529602 ^ _1516_/A1 (sky130_fd_sc_hd__a32o_1)
     1    0.003054    0.054664    0.165812  501.695435 ^ _1516_/X (sky130_fd_sc_hd__a32o_1)
                                                         _0011_ (net)
                      0.054664    0.000000  501.695435 ^ _1581_/D (sky130_fd_sc_hd__dfrtp_1)
                                            501.695435   data arrival time

                               2500.000000 2500.000000   clock clk (rise edge)
                                  0.000000 2500.000000   clock source latency
     1    0.012579    0.062732    0.042519 2500.042480 ^ clk (in)
                                                         clk (net)
                      0.062734    0.000000 2500.042480 ^ clkbuf_0_clk/A (sky130_fd_sc_hd__clkbuf_16)
     4    0.038636    0.058594    0.147338 2500.189941 ^ clkbuf_0_clk/X (sky130_fd_sc_hd__clkbuf_16)
                                                         clknet_0_clk (net)
                      0.058596    0.000455 2500.190430 ^ clkbuf_2_3__f_clk/A (sky130_fd_sc_hd__clkbuf_16)
    11    0.026860    0.047969    0.136879 2500.327148 ^ clkbuf_2_3__f_clk/X (sky130_fd_sc_hd__clkbuf_16)
                                                         clknet_2_3__leaf_clk (net)
                      0.047969    0.000227 2500.327393 ^ _1581_/CLK (sky130_fd_sc_hd__dfrtp_1)
                                 -0.250000 2500.077393   clock uncertainty
                                  0.000000 2500.077393   clock reconvergence pessimism
                                 -0.061612 2500.015625   library setup time
                                           2500.015625   data required time
---------------------------------------------------------------------------------------------
                                           2500.015625   data required time
                                           -501.695435   data arrival time
---------------------------------------------------------------------------------------------
                                           1998.320190   slack (MET)




===========================================================================
report_checks --slack_max -0.01
============================================================================
======================= nom_tt_025C_1v80 Corner ===================================

No paths found.


===========================================================================
 report_check_types -max_slew -max_cap -max_fanout -violators
============================================================================
======================= nom_tt_025C_1v80 Corner ===================================

max fanout

Pin                                   Limit Fanout  Slack
---------------------------------------------------------
clkbuf_2_2__f_clk/X                      10     11        (VIOLATED)
clkbuf_2_3__f_clk/X                      10     11        (VIOLATED)



===========================================================================
report_parasitic_annotation -report_unannotated
============================================================================
Found 42 unannotated drivers.
 ui_in[0]
 ui_in[1]
 ui_in[2]
 ui_in[3]
 ui_in[4]
 ui_in[5]
 ui_in[6]
 ui_in[7]
 uio_in[0]
 uio_in[1]
 uio_in[2]
 uio_in[3]
 uio_in[4]
 uio_in[5]
 uio_in[6]
 uio_in[7]
 clkload0/Y
 clkload1/Y
 clkload2/X
 tt_um_audio_player_121/HI
 tt_um_audio_player_122/HI
 tt_um_audio_player_123/HI
 tt_um_audio_player_124/HI
 tt_um_audio_player_125/HI
 tt_um_audio_player_126/HI
 tt_um_audio_player_127/HI
 tt_um_audio_player_128/HI
 tt_um_audio_player_129/HI
 tt_um_audio_player_130/HI
 tt_um_audio_player_131/HI
 tt_um_audio_player_132/HI
 tt_um_audio_player_133/HI
 tt_um_audio_player_134/HI
 tt_um_audio_player_135/HI
 tt_um_audio_player_136/HI
 tt_um_audio_player_137/HI
 tt_um_audio_player_138/HI
 tt_um_audio_player_139/HI
 tt_um_audio_player_140/HI
 tt_um_audio_player_141/HI
 tt_um_audio_player_142/HI
 tt_um_audio_player_143/HI
Found 0 partially unannotated drivers.

===========================================================================
max slew violation count 0
Writing metric design__max_slew_violation__count__corner:nom_tt_025C_1v80: 0
max fanout violation count 2
Writing metric design__max_fanout_violation__count__corner:nom_tt_025C_1v80: 2
max cap violation count 0
Writing metric design__max_cap_violation__count__corner:nom_tt_025C_1v80: 0
============================================================================

===========================================================================
check_setup -verbose -unconstrained_endpoints -multiple_clock -no_clock -no_input_delay -loops -generated_clocks
===========================================================================
Warning: There are 23 unconstrained endpoints.
  uio_oe[0]
  uio_oe[1]
  uio_oe[2]
  uio_oe[3]
  uio_oe[4]
  uio_oe[5]
  uio_oe[6]
  uio_oe[7]
  uio_out[0]
  uio_out[1]
  uio_out[2]
  uio_out[3]
  uio_out[4]
  uio_out[5]
  uio_out[6]
  uio_out[7]
  uo_out[1]
  uo_out[2]
  uo_out[3]
  uo_out[4]
  uo_out[5]
  uo_out[6]
  uo_out[7]
