
===========================================================================
 report_power
============================================================================
======================= nom_tt_025C_1v80 Corner ===================================

Group                    Internal    Switching      Leakage        Total
                            Power        Power        Power        Power (Watts)
------------------------------------------------------------------------
Sequential           6.499325e-07 7.558434e-08 4.526934e-10 7.259696e-07  11.0%
Combinational        2.186825e-06 3.139727e-06 3.200045e-09 5.329753e-06  80.6%
Clock                3.752773e-07 1.851033e-07 3.229961e-10 5.607035e-07   8.5%
Macro                0.000000e+00 0.000000e+00 0.000000e+00 0.000000e+00   0.0%
Pad                  0.000000e+00 0.000000e+00 0.000000e+00 0.000000e+00   0.0%
------------------------------------------------------------------------
Total                3.212036e-06 3.400415e-06 3.975739e-09 6.616427e-06 100.0%
                            48.5%        51.4%         0.1%
Writing metric power__internal__total: 3.2120360629050992e-6
Writing metric power__switching__total: 3.400414698262466e-6
Writing metric power__leakage__total: 3.975738849248955e-9
Writing metric power__total: 6.616426617256366e-6

