
===========================================================================
 report_power
============================================================================
======================= nom_tt_025C_1v80 Corner ===================================

Group                    Internal    Switching      Leakage        Total
                            Power        Power        Power        Power (Watts)
------------------------------------------------------------------------
Sequential           6.490880e-07 6.875614e-08 4.526934e-10 7.182969e-07  11.5%
Combinational        2.186062e-06 2.748182e-06 3.200045e-09 4.937443e-06  79.2%
Clock                3.760319e-07 1.998086e-07 3.230923e-10 5.761636e-07   9.2%
Macro                0.000000e+00 0.000000e+00 0.000000e+00 0.000000e+00   0.0%
Pad                  0.000000e+00 0.000000e+00 0.000000e+00 0.000000e+00   0.0%
------------------------------------------------------------------------
Total                3.211181e-06 3.016747e-06 3.975834e-09 6.231904e-06 100.0%
                            51.5%        48.4%         0.1%
Writing metric power__internal__total: 3.2111809105117572e-6
Writing metric power__switching__total: 3.0167468594299862e-6
Writing metric power__leakage__total: 3.975834328429073e-9
Writing metric power__total: 6.231903626030544e-6

