
===========================================================================
 report_power
============================================================================
======================= min_ff_n40C_1v95 Corner ===================================

Group                    Internal    Switching      Leakage        Total
                            Power        Power        Power        Power (Watts)
------------------------------------------------------------------------
Sequential           7.544332e-07 1.416602e-07 6.462347e-10 8.967397e-07   9.6%
Combinational        2.385677e-06 5.382077e-06 6.641128e-09 7.774395e-06  82.9%
Clock                4.307223e-07 2.662777e-07 7.630655e-09 7.046307e-07   7.5%
Macro                0.000000e+00 0.000000e+00 0.000000e+00 0.000000e+00   0.0%
Pad                  0.000000e+00 0.000000e+00 0.000000e+00 0.000000e+00   0.0%
------------------------------------------------------------------------
Total                3.570834e-06 5.790016e-06 1.491802e-08 9.375768e-06 100.0%
                            38.1%        61.8%         0.2%

