[INFO GRT-0043] No OR_DEFAULT vias defined.
Net: _0058_
  Pin: _1310_/B2 (sky130_fd_sc_hd__o22ai_1)
    Layer: met3
      Partial area ratio:   25.45
      Required ratio:    0.00 (Gate area) 
      Partial area ratio:  137.70
      Required ratio: 2886.20 (Side area) 
      Cumulative area ratio:   26.75
      Required ratio:    0.00 (Cumulative area) 
      Cumulative area ratio:  144.98
      Required ratio:    0.00 (Cumulative side area) 

    Layer: met2
      Partial area ratio:    0.00
      Required ratio:    0.00 (Gate area) 
      Partial area ratio:    0.00
      Required ratio:  400.00 (Side area) 
      Cumulative area ratio:    1.30
      Required ratio:    0.00 (Cumulative area) 
      Cumulative area ratio:    7.28
      Required ratio:    0.00 (Cumulative side area) 

    Layer: met1
      Partial area ratio:    1.30
      Required ratio:    0.00 (Gate area) 
      Partial area ratio:    7.28
      Required ratio:  400.00 (Side area) 
      Cumulative area ratio:    1.30
      Required ratio:    0.00 (Cumulative area) 
      Cumulative area ratio:    7.28
      Required ratio:    0.00 (Cumulative side area) 

    Layer: li1
      Partial area ratio:    0.00
      Required ratio:    0.00 (Gate area) 
      Partial area ratio:    0.00
      Required ratio:   75.00 (Side area) 
      Cumulative area ratio:    0.00
      Required ratio:    0.00 (Cumulative area) 
      Cumulative area ratio:    0.00
      Required ratio:    0.00 (Cumulative side area) 

    Layer: met4
      Partial area ratio:   26.29
      Required ratio:    0.00 (Gate area) 
      Partial area ratio:  141.94
      Required ratio: 2886.20 (Side area) 
      Cumulative area ratio:   53.04
      Required ratio:    0.00 (Cumulative area) 
      Cumulative area ratio:  286.92
      Required ratio:    0.00 (Cumulative side area) 

    Via: M3M4_PR
      Partial area ratio:    0.16
      Required ratio:    6.00 (Gate area) 
      Cumulative area ratio:    0.62
      Required ratio:    0.00 (Cumulative area) 

    Via: M2M3_PR
      Partial area ratio:    0.16
      Required ratio:    6.00 (Gate area) 
      Cumulative area ratio:    0.46
      Required ratio:    0.00 (Cumulative area) 

    Via: M1M2_PR
      Partial area ratio:    0.18
      Required ratio:    6.00 (Gate area) 
      Cumulative area ratio:    0.30
      Required ratio:    0.00 (Cumulative area) 

    Via: L1M1_PR
      Partial area ratio:    0.12
      Required ratio:    3.00 (Gate area) 
      Cumulative area ratio:    0.12
      Required ratio:    0.00 (Cumulative area) 

  Pin: _1387_/A1 (sky130_fd_sc_hd__o2111a_1)
    Layer: met4
      Partial area ratio:   26.29
      Required ratio:    0.00 (Gate area) 
      Partial area ratio:  141.94
      Required ratio: 2886.20 (Side area) 
      Cumulative area ratio:  173.46
      Required ratio:    0.00 (Cumulative area) 
      Cumulative area ratio:  928.84
      Required ratio:    0.00 (Cumulative side area) 

    Layer: met3
      Partial area ratio:    0.00
      Required ratio:    0.00 (Gate area) 
      Partial area ratio:    0.00
      Required ratio:  400.00 (Side area) 
      Cumulative area ratio:    0.97
      Required ratio:    0.00 (Cumulative area) 
      Cumulative area ratio:    5.67
      Required ratio:    0.00 (Cumulative side area) 

    Layer: met2
      Partial area ratio:    0.00
      Required ratio:    0.00 (Gate area) 
      Partial area ratio:    0.00
      Required ratio:  400.00 (Side area) 
      Cumulative area ratio:    0.97
      Required ratio:    0.00 (Cumulative area) 
      Cumulative area ratio:    5.67
      Required ratio:    0.00 (Cumulative side area) 

    Layer: met1
      Partial area ratio:    0.97
      Required ratio:    0.00 (Gate area) 
      Partial area ratio:    5.67
      Required ratio:  400.00 (Side area) 
      Cumulative area ratio:    0.97
      Required ratio:    0.00 (Cumulative area) 
      Cumulative area ratio:    5.67
      Required ratio:    0.00 (Cumulative side area) 

    Layer: li1
      Partial area ratio:    0.00
      Required ratio:    0.00 (Gate area) 
      Partial area ratio:    0.00
      Required ratio:   75.00 (Side area) 
      Cumulative area ratio:    0.00
      Required ratio:    0.00 (Cumulative area) 
      Cumulative area ratio:    0.00
      Required ratio:    0.00 (Cumulative side area) 

    Via: M3M4_PR
      Partial area ratio:    0.16
      Required ratio:    6.00 (Gate area) 
      Cumulative area ratio:    0.62
      Required ratio:    0.00 (Cumulative area) 

    Via: M2M3_PR
      Partial area ratio:    0.16
      Required ratio:    6.00 (Gate area) 
      Cumulative area ratio:    0.46
      Required ratio:    0.00 (Cumulative area) 

    Via: M1M2_PR
      Partial area ratio:    0.18
      Required ratio:    6.00 (Gate area) 
      Cumulative area ratio:    0.30
      Required ratio:    0.00 (Cumulative area) 

    Via: L1M1_PR
      Partial area ratio:    0.12
      Required ratio:    3.00 (Gate area) 
      Cumulative area ratio:    0.12
      Required ratio:    0.00 (Cumulative area) 

  Pin: _0941_/A1 (sky130_fd_sc_hd__o311a_1)
    Layer: met4
      Partial area ratio:   26.29
      Required ratio:    0.00 (Gate area) 
      Partial area ratio:  141.94
      Required ratio: 2886.20 (Side area) 
      Cumulative area ratio:  173.88
      Required ratio:    0.00 (Cumulative area) 
      Cumulative area ratio:  930.95
      Required ratio:    0.00 (Cumulative side area) 

    Layer: met3
      Partial area ratio:    8.73
      Required ratio:    0.00 (Gate area) 
      Partial area ratio:   48.48
      Required ratio:  400.00 (Side area) 
      Cumulative area ratio:   10.12
      Required ratio:    0.00 (Cumulative area) 
      Cumulative area ratio:   56.25
      Required ratio:    0.00 (Cumulative side area) 

    Layer: met2
      Partial area ratio:    0.00
      Required ratio:    0.00 (Gate area) 
      Partial area ratio:    0.00
      Required ratio:  400.00 (Side area) 
      Cumulative area ratio:    1.40
      Required ratio:    0.00 (Cumulative area) 
      Cumulative area ratio:    7.77
      Required ratio:    0.00 (Cumulative side area) 

    Layer: met1
      Partial area ratio:    1.40
      Required ratio:    0.00 (Gate area) 
      Partial area ratio:    7.77
      Required ratio:  400.00 (Side area) 
      Cumulative area ratio:    1.40
      Required ratio:    0.00 (Cumulative area) 
      Cumulative area ratio:    7.77
      Required ratio:    0.00 (Cumulative side area) 

    Layer: li1
      Partial area ratio:    0.00
      Required ratio:    0.00 (Gate area) 
      Partial area ratio:    0.00
      Required ratio:   75.00 (Side area) 
      Cumulative area ratio:    0.00
      Required ratio:    0.00 (Cumulative area) 
      Cumulative area ratio:    0.00
      Required ratio:    0.00 (Cumulative side area) 

    Via: M3M4_PR
      Partial area ratio:    0.32
      Required ratio:    6.00 (Gate area) 
      Cumulative area ratio:    0.78
      Required ratio:    0.00 (Cumulative area) 

    Via: M2M3_PR
      Partial area ratio:    0.16
      Required ratio:    6.00 (Gate area) 
      Cumulative area ratio:    0.46
      Required ratio:    0.00 (Cumulative area) 

    Via: M1M2_PR
      Partial area ratio:    0.18
      Required ratio:    6.00 (Gate area) 
      Cumulative area ratio:    0.30
      Required ratio:    0.00 (Cumulative area) 

    Via: L1M1_PR
      Partial area ratio:    0.12
      Required ratio:    3.00 (Gate area) 
      Cumulative area ratio:    0.12
      Required ratio:    0.00 (Cumulative area) 

  Pin: _1112_/A (sky130_fd_sc_hd__or3_1)
    Layer: met4
      Partial area ratio:   26.29
      Required ratio:    0.00 (Gate area) 
      Partial area ratio:  141.94
      Required ratio: 2886.20 (Side area) 
      Cumulative area ratio:  167.54
      Required ratio:    0.00 (Cumulative area) 
      Cumulative area ratio:  895.18
      Required ratio:    0.00 (Cumulative side area) 

    Layer: met3
      Partial area ratio:   17.14
      Required ratio:    0.00 (Gate area) 
      Partial area ratio:   95.24
      Required ratio:  400.00 (Side area) 
      Cumulative area ratio:   20.93
      Required ratio:    0.00 (Cumulative area) 
      Cumulative area ratio:  115.73
      Required ratio:    0.00 (Cumulative side area) 

    Layer: met2
      Partial area ratio:    0.00
      Required ratio:    0.00 (Gate area) 
      Partial area ratio:    0.00
      Required ratio:  400.00 (Side area) 
      Cumulative area ratio:    3.79
      Required ratio:    0.00 (Cumulative area) 
      Cumulative area ratio:   20.49
      Required ratio:    0.00 (Cumulative side area) 

    Layer: met1
      Partial area ratio:    3.79
      Required ratio:    0.00 (Gate area) 
      Partial area ratio:   20.49
      Required ratio:  400.00 (Side area) 
      Cumulative area ratio:    3.79
      Required ratio:    0.00 (Cumulative area) 
      Cumulative area ratio:   20.49
      Required ratio:    0.00 (Cumulative side area) 

    Layer: li1
      Partial area ratio:    0.00
      Required ratio:    0.00 (Gate area) 
      Partial area ratio:    0.00
      Required ratio:   75.00 (Side area) 
      Cumulative area ratio:    0.00
      Required ratio:    0.00 (Cumulative area) 
      Cumulative area ratio:    0.00
      Required ratio:    0.00 (Cumulative side area) 

    Via: M3M4_PR
      Partial area ratio:    0.63
      Required ratio:    6.00 (Gate area) 
      Cumulative area ratio:    1.54
      Required ratio:    0.00 (Cumulative area) 

    Via: M2M3_PR
      Partial area ratio:    0.32
      Required ratio:    6.00 (Gate area) 
      Cumulative area ratio:    0.90
      Required ratio:    0.00 (Cumulative area) 

    Via: M1M2_PR
      Partial area ratio:    0.36
      Required ratio:    6.00 (Gate area) 
      Cumulative area ratio:    0.59
      Required ratio:    0.00 (Cumulative area) 

    Via: L1M1_PR
      Partial area ratio:    0.23
      Required ratio:    3.00 (Gate area) 
      Cumulative area ratio:    0.23
      Required ratio:    0.00 (Cumulative area) 

  Pin: _1099_/A2 (sky130_fd_sc_hd__o31a_1)
    Layer: met4
      Partial area ratio:   26.29
      Required ratio:    0.00 (Gate area) 
      Partial area ratio:  141.94
      Required ratio: 2886.20 (Side area) 
      Cumulative area ratio:  148.21
      Required ratio:    0.00 (Cumulative area) 
      Cumulative area ratio:  788.21
      Required ratio:    0.00 (Cumulative side area) 

    Layer: met3
      Partial area ratio:  100.73
      Required ratio:    0.00 (Gate area) 
      Partial area ratio:  539.15
      Required ratio:  400.00 (Side area) (VIOLATED)
      Cumulative area ratio:  121.92
      Required ratio:    0.00 (Cumulative area) 
      Cumulative area ratio:  646.28
      Required ratio:    0.00 (Cumulative side area) 

    Layer: met2
      Partial area ratio:   19.59
      Required ratio:    0.00 (Gate area) 
      Partial area ratio:   98.37
      Required ratio:  400.00 (Side area) 
      Cumulative area ratio:   21.19
      Required ratio:    0.00 (Cumulative area) 
      Cumulative area ratio:  107.13
      Required ratio:    0.00 (Cumulative side area) 

    Layer: met1
      Partial area ratio:    1.59
      Required ratio:    0.00 (Gate area) 
      Partial area ratio:    8.76
      Required ratio:  400.00 (Side area) 
      Cumulative area ratio:    1.59
      Required ratio:    0.00 (Cumulative area) 
      Cumulative area ratio:    8.76
      Required ratio:    0.00 (Cumulative side area) 

    Layer: li1
      Partial area ratio:    0.00
      Required ratio:    0.00 (Gate area) 
      Partial area ratio:    0.00
      Required ratio:   75.00 (Side area) 
      Cumulative area ratio:    0.00
      Required ratio:    0.00 (Cumulative area) 
      Cumulative area ratio:    0.00
      Required ratio:    0.00 (Cumulative side area) 

    Via: M3M4_PR
      Partial area ratio:    0.32
      Required ratio:    6.00 (Gate area) 
      Cumulative area ratio:    0.95
      Required ratio:    0.00 (Cumulative area) 

    Via: M2M3_PR
      Partial area ratio:    0.32
      Required ratio:    6.00 (Gate area) 
      Cumulative area ratio:    0.62
      Required ratio:    0.00 (Cumulative area) 

    Via: M1M2_PR
      Partial area ratio:    0.18
      Required ratio:    6.00 (Gate area) 
      Cumulative area ratio:    0.30
      Required ratio:    0.00 (Cumulative area) 

    Via: L1M1_PR
      Partial area ratio:    0.12
      Required ratio:    3.00 (Gate area) 
      Cumulative area ratio:    0.12
      Required ratio:    0.00 (Cumulative area) 


Net: _0088_
  Pin: _1260_/B (sky130_fd_sc_hd__or3_1)
    Layer: met4
      Partial area ratio:   16.94
      Required ratio:    0.00 (Gate area) 
      Partial area ratio:   91.61
      Required ratio: 2778.20 (Side area) 
      Cumulative area ratio:   34.95
      Required ratio:    0.00 (Cumulative area) 
      Cumulative area ratio:  183.63
      Required ratio:    0.00 (Cumulative side area) 

    Layer: met3
      Partial area ratio:    0.00
      Required ratio:    0.00 (Gate area) 
      Partial area ratio:    0.00
      Required ratio:  400.00 (Side area) 
      Cumulative area ratio:    2.32
      Required ratio:    0.00 (Cumulative area) 
      Cumulative area ratio:   13.17
      Required ratio:    0.00 (Cumulative side area) 

    Layer: met2
      Partial area ratio:    0.00
      Required ratio:    0.00 (Gate area) 
      Partial area ratio:    0.00
      Required ratio:  400.00 (Side area) 
      Cumulative area ratio:    2.32
      Required ratio:    0.00 (Cumulative area) 
      Cumulative area ratio:   13.17
      Required ratio:    0.00 (Cumulative side area) 

    Layer: met1
      Partial area ratio:    2.32
      Required ratio:    0.00 (Gate area) 
      Partial area ratio:   13.17
      Required ratio:  400.00 (Side area) 
      Cumulative area ratio:    2.32
      Required ratio:    0.00 (Cumulative area) 
      Cumulative area ratio:   13.17
      Required ratio:    0.00 (Cumulative side area) 

    Layer: li1
      Partial area ratio:    0.00
      Required ratio:    0.00 (Gate area) 
      Partial area ratio:    0.00
      Required ratio:   75.00 (Side area) 
      Cumulative area ratio:    0.00
      Required ratio:    0.00 (Cumulative area) 
      Cumulative area ratio:    0.00
      Required ratio:    0.00 (Cumulative side area) 

    Via: M3M4_PR
      Partial area ratio:    0.32
      Required ratio:    6.00 (Gate area) 
      Cumulative area ratio:    1.22
      Required ratio:    0.00 (Cumulative area) 

    Via: M2M3_PR
      Partial area ratio:    0.32
      Required ratio:    6.00 (Gate area) 
      Cumulative area ratio:    0.90
      Required ratio:    0.00 (Cumulative area) 

    Via: M1M2_PR
      Partial area ratio:    0.36
      Required ratio:    6.00 (Gate area) 
      Cumulative area ratio:    0.59
      Required ratio:    0.00 (Cumulative area) 

    Via: L1M1_PR
      Partial area ratio:    0.23
      Required ratio:    3.00 (Gate area) 
      Cumulative area ratio:    0.23
      Required ratio:    0.00 (Cumulative area) 

  Pin: _1192_/A (sky130_fd_sc_hd__nor2_1)
    Layer: met4
      Partial area ratio:   16.94
      Required ratio:    0.00 (Gate area) 
      Partial area ratio:   91.61
      Required ratio: 2778.20 (Side area) 
      Cumulative area ratio:   35.86
      Required ratio:    0.00 (Cumulative area) 
      Cumulative area ratio:  187.44
      Required ratio:    0.00 (Cumulative side area) 

    Layer: met3
      Partial area ratio:    0.00
      Required ratio:    0.00 (Gate area) 
      Partial area ratio:    0.00
      Required ratio:  400.00 (Side area) 
      Cumulative area ratio:   18.93
      Required ratio:    0.00 (Cumulative area) 
      Cumulative area ratio:   95.82
      Required ratio:    0.00 (Cumulative side area) 

    Layer: met2
      Partial area ratio:   15.69
      Required ratio:    0.00 (Gate area) 
      Partial area ratio:   78.85
      Required ratio:  400.00 (Side area) 
      Cumulative area ratio:   18.93
      Required ratio:    0.00 (Cumulative area) 
      Cumulative area ratio:   95.82
      Required ratio:    0.00 (Cumulative side area) 

    Layer: met1
      Partial area ratio:    3.24
      Required ratio:    0.00 (Gate area) 
      Partial area ratio:   16.97
      Required ratio:  400.00 (Side area) 
      Cumulative area ratio:    3.24
      Required ratio:    0.00 (Cumulative area) 
      Cumulative area ratio:   16.97
      Required ratio:    0.00 (Cumulative side area) 

    Layer: li1
      Partial area ratio:    0.00
      Required ratio:    0.00 (Gate area) 
      Partial area ratio:    0.00
      Required ratio:   75.00 (Side area) 
      Cumulative area ratio:    0.00
      Required ratio:    0.00 (Cumulative area) 
      Cumulative area ratio:    0.00
      Required ratio:    0.00 (Cumulative side area) 

    Via: M3M4_PR
      Partial area ratio:    0.16
      Required ratio:    6.00 (Gate area) 
      Cumulative area ratio:    0.62
      Required ratio:    0.00 (Cumulative area) 

    Via: M2M3_PR
      Partial area ratio:    0.16
      Required ratio:    6.00 (Gate area) 
      Cumulative area ratio:    0.46
      Required ratio:    0.00 (Cumulative area) 

    Via: M1M2_PR
      Partial area ratio:    0.18
      Required ratio:    6.00 (Gate area) 
      Cumulative area ratio:    0.30
      Required ratio:    0.00 (Cumulative area) 

    Via: L1M1_PR
      Partial area ratio:    0.12
      Required ratio:    3.00 (Gate area) 
      Cumulative area ratio:    0.12
      Required ratio:    0.00 (Cumulative area) 

  Pin: _1365_/A3 (sky130_fd_sc_hd__a31o_1)
    Layer: met4
      Partial area ratio:   16.94
      Required ratio:    0.00 (Gate area) 
      Partial area ratio:   91.61
      Required ratio: 2778.20 (Side area) 
      Cumulative area ratio:   35.95
      Required ratio:    0.00 (Cumulative area) 
      Cumulative area ratio:  187.85
      Required ratio:    0.00 (Cumulative side area) 

    Layer: met3
      Partial area ratio:    0.00
      Required ratio:    0.00 (Gate area) 
      Partial area ratio:    0.00
      Required ratio:  400.00 (Side area) 
      Cumulative area ratio:   19.01
      Required ratio:    0.00 (Cumulative area) 
      Cumulative area ratio:   96.24
      Required ratio:    0.00 (Cumulative side area) 

    Layer: met2
      Partial area ratio:   15.69
      Required ratio:    0.00 (Gate area) 
      Partial area ratio:   78.85
      Required ratio:  400.00 (Side area) 
      Cumulative area ratio:   19.01
      Required ratio:    0.00 (Cumulative area) 
      Cumulative area ratio:   96.24
      Required ratio:    0.00 (Cumulative side area) 

    Layer: met1
      Partial area ratio:    3.32
      Required ratio:    0.00 (Gate area) 
      Partial area ratio:   17.39
      Required ratio:  400.00 (Side area) 
      Cumulative area ratio:    3.32
      Required ratio:    0.00 (Cumulative area) 
      Cumulative area ratio:   17.39
      Required ratio:    0.00 (Cumulative side area) 

    Layer: li1
      Partial area ratio:    0.00
      Required ratio:    0.00 (Gate area) 
      Partial area ratio:    0.00
      Required ratio:   75.00 (Side area) 
      Cumulative area ratio:    0.00
      Required ratio:    0.00 (Cumulative area) 
      Cumulative area ratio:    0.00
      Required ratio:    0.00 (Cumulative side area) 

    Via: M3M4_PR
      Partial area ratio:    0.16
      Required ratio:    6.00 (Gate area) 
      Cumulative area ratio:    0.62
      Required ratio:    0.00 (Cumulative area) 

    Via: M2M3_PR
      Partial area ratio:    0.16
      Required ratio:    6.00 (Gate area) 
      Cumulative area ratio:    0.46
      Required ratio:    0.00 (Cumulative area) 

    Via: M1M2_PR
      Partial area ratio:    0.18
      Required ratio:    6.00 (Gate area) 
      Cumulative area ratio:    0.30
      Required ratio:    0.00 (Cumulative area) 

    Via: L1M1_PR
      Partial area ratio:    0.12
      Required ratio:    3.00 (Gate area) 
      Cumulative area ratio:    0.12
      Required ratio:    0.00 (Cumulative area) 

  Pin: _1357_/A (sky130_fd_sc_hd__nand2_1)
    Layer: met4
      Partial area ratio:   16.94
      Required ratio:    0.00 (Gate area) 
      Partial area ratio:   91.61
      Required ratio: 2778.20 (Side area) 
      Cumulative area ratio:  106.55
      Required ratio:    0.00 (Cumulative area) 
      Cumulative area ratio:  570.83
      Required ratio:    0.00 (Cumulative side area) 

    Layer: met3
      Partial area ratio:   84.00
      Required ratio:    0.00 (Gate area) 
      Partial area ratio:  449.94
      Required ratio:  400.00 (Side area) (VIOLATED)
      Cumulative area ratio:   89.62
      Required ratio:    0.00 (Cumulative area) 
      Cumulative area ratio:  479.22
      Required ratio:    0.00 (Cumulative side area) 

    Layer: met2
      Partial area ratio:    3.98
      Required ratio:    0.00 (Gate area) 
      Partial area ratio:   20.31
      Required ratio:  400.00 (Side area) 
      Cumulative area ratio:    5.62
      Required ratio:    0.00 (Cumulative area) 
      Cumulative area ratio:   29.28
      Required ratio:    0.00 (Cumulative side area) 

    Layer: met1
      Partial area ratio:    1.64
      Required ratio:    0.00 (Gate area) 
      Partial area ratio:    8.97
      Required ratio:  400.00 (Side area) 
      Cumulative area ratio:    1.64
      Required ratio:    0.00 (Cumulative area) 
      Cumulative area ratio:    8.97
      Required ratio:    0.00 (Cumulative side area) 

    Layer: li1
      Partial area ratio:    0.00
      Required ratio:    0.00 (Gate area) 
      Partial area ratio:    0.00
      Required ratio:   75.00 (Side area) 
      Cumulative area ratio:    0.00
      Required ratio:    0.00 (Cumulative area) 
      Cumulative area ratio:    0.00
      Required ratio:    0.00 (Cumulative side area) 

    Via: M3M4_PR
      Partial area ratio:    0.16
      Required ratio:    6.00 (Gate area) 
      Cumulative area ratio:    0.62
      Required ratio:    0.00 (Cumulative area) 

    Via: M2M3_PR
      Partial area ratio:    0.16
      Required ratio:    6.00 (Gate area) 
      Cumulative area ratio:    0.46
      Required ratio:    0.00 (Cumulative area) 

    Via: M1M2_PR
      Partial area ratio:    0.18
      Required ratio:    6.00 (Gate area) 
      Cumulative area ratio:    0.30
      Required ratio:    0.00 (Cumulative area) 

    Via: L1M1_PR
      Partial area ratio:    0.12
      Required ratio:    3.00 (Gate area) 
      Cumulative area ratio:    0.12
      Required ratio:    0.00 (Cumulative area) 

  Pin: _1537_/A2 (sky130_fd_sc_hd__a32o_1)
    Layer: met3
      Partial area ratio:   17.45
      Required ratio:    0.00 (Gate area) 
      Partial area ratio:   96.97
      Required ratio: 2778.20 (Side area) 
      Cumulative area ratio:   19.79
      Required ratio:    0.00 (Cumulative area) 
      Cumulative area ratio:  109.41
      Required ratio:    0.00 (Cumulative side area) 

    Layer: met4
      Partial area ratio:   16.94
      Required ratio:    0.00 (Gate area) 
      Partial area ratio:   91.61
      Required ratio: 2778.20 (Side area) 
      Cumulative area ratio:   36.72
      Required ratio:    0.00 (Cumulative area) 
      Cumulative area ratio:  201.03
      Required ratio:    0.00 (Cumulative side area) 

    Layer: met2
      Partial area ratio:    0.00
      Required ratio:    0.00 (Gate area) 
      Partial area ratio:    0.00
      Required ratio:  400.00 (Side area) 
      Cumulative area ratio:    2.33
      Required ratio:    0.00 (Cumulative area) 
      Cumulative area ratio:   12.44
      Required ratio:    0.00 (Cumulative side area) 

    Layer: met1
      Partial area ratio:    2.33
      Required ratio:    0.00 (Gate area) 
      Partial area ratio:   12.44
      Required ratio:  400.00 (Side area) 
      Cumulative area ratio:    2.33
      Required ratio:    0.00 (Cumulative area) 
      Cumulative area ratio:   12.44
      Required ratio:    0.00 (Cumulative side area) 

    Layer: li1
      Partial area ratio:    0.00
      Required ratio:    0.00 (Gate area) 
      Partial area ratio:    0.00
      Required ratio:   75.00 (Side area) 
      Cumulative area ratio:    0.00
      Required ratio:    0.00 (Cumulative area) 
      Cumulative area ratio:    0.00
      Required ratio:    0.00 (Cumulative side area) 

    Via: M3M4_PR
      Partial area ratio:    0.16
      Required ratio:    6.00 (Gate area) 
      Cumulative area ratio:    0.62
      Required ratio:    0.00 (Cumulative area) 

    Via: M2M3_PR
      Partial area ratio:    0.16
      Required ratio:    6.00 (Gate area) 
      Cumulative area ratio:    0.46
      Required ratio:    0.00 (Cumulative area) 

    Via: M1M2_PR
      Partial area ratio:    0.18
      Required ratio:    6.00 (Gate area) 
      Cumulative area ratio:    0.30
      Required ratio:    0.00 (Cumulative area) 

    Via: L1M1_PR
      Partial area ratio:    0.12
      Required ratio:    3.00 (Gate area) 
      Cumulative area ratio:    0.12
      Required ratio:    0.00 (Cumulative area) 


Net: _0089_
  Pin: _0876_/B (sky130_fd_sc_hd__and2_1)
    Layer: met4
      Partial area ratio:    7.66
      Required ratio:    0.00 (Gate area) 
      Partial area ratio:   42.01
      Required ratio: 2918.60 (Side area) 
      Cumulative area ratio:  145.78
      Required ratio:    0.00 (Cumulative area) 
      Cumulative area ratio:  779.25
      Required ratio:    0.00 (Cumulative side area) 

    Layer: met3
      Partial area ratio:   99.29
      Required ratio:    0.00 (Gate area) 
      Partial area ratio:  533.33
      Required ratio:  400.00 (Side area) (VIOLATED)
      Cumulative area ratio:  104.67
      Required ratio:    0.00 (Cumulative area) 
      Cumulative area ratio:  561.81
      Required ratio:    0.00 (Cumulative side area) 

    Layer: met2
      Partial area ratio:    0.00
      Required ratio:    0.00 (Gate area) 
      Partial area ratio:    0.00
      Required ratio:  400.00 (Side area) 
      Cumulative area ratio:    5.38
      Required ratio:    0.00 (Cumulative area) 
      Cumulative area ratio:   28.47
      Required ratio:    0.00 (Cumulative side area) 

    Layer: met1
      Partial area ratio:    5.38
      Required ratio:    0.00 (Gate area) 
      Partial area ratio:   28.47
      Required ratio:  400.00 (Side area) 
      Cumulative area ratio:    5.38
      Required ratio:    0.00 (Cumulative area) 
      Cumulative area ratio:   28.47
      Required ratio:    0.00 (Cumulative side area) 

    Layer: li1
      Partial area ratio:    0.00
      Required ratio:    0.00 (Gate area) 
      Partial area ratio:    0.00
      Required ratio:   75.00 (Side area) 
      Cumulative area ratio:    0.00
      Required ratio:    0.00 (Cumulative area) 
      Cumulative area ratio:    0.00
      Required ratio:    0.00 (Cumulative side area) 

    Via: M3M4_PR
      Partial area ratio:    0.32
      Required ratio:    6.00 (Gate area) 
      Cumulative area ratio:    1.22
      Required ratio:    0.00 (Cumulative area) 

    Via: M2M3_PR
      Partial area ratio:    0.32
      Required ratio:    6.00 (Gate area) 
      Cumulative area ratio:    0.90
      Required ratio:    0.00 (Cumulative area) 

    Via: M1M2_PR
      Partial area ratio:    0.36
      Required ratio:    6.00 (Gate area) 
      Cumulative area ratio:    0.59
      Required ratio:    0.00 (Cumulative area) 

    Via: L1M1_PR
      Partial area ratio:    0.23
      Required ratio:    3.00 (Gate area) 
      Cumulative area ratio:    0.23
      Required ratio:    0.00 (Cumulative area) 

  Pin: _1205_/A (sky130_fd_sc_hd__nand2_1)
    Layer: met4
      Partial area ratio:    7.66
      Required ratio:    0.00 (Gate area) 
      Partial area ratio:   42.01
      Required ratio: 2918.60 (Side area) 
      Cumulative area ratio:   43.35
      Required ratio:    0.00 (Cumulative area) 
      Cumulative area ratio:  229.42
      Required ratio:    0.00 (Cumulative side area) 

    Layer: met3
      Partial area ratio:   16.91
      Required ratio:    0.00 (Gate area) 
      Partial area ratio:   91.15
      Required ratio:  400.00 (Side area) 
      Cumulative area ratio:   35.68
      Required ratio:    0.00 (Cumulative area) 
      Cumulative area ratio:  187.40
      Required ratio:    0.00 (Cumulative side area) 

    Layer: met2
      Partial area ratio:    0.00
      Required ratio:    0.00 (Gate area) 
      Partial area ratio:    0.00
      Required ratio:  400.00 (Side area) 
      Cumulative area ratio:    2.24
      Required ratio:    0.00 (Cumulative area) 
      Cumulative area ratio:   11.97
      Required ratio:    0.00 (Cumulative side area) 

    Layer: met1
      Partial area ratio:    2.24
      Required ratio:    0.00 (Gate area) 
      Partial area ratio:   11.97
      Required ratio:  400.00 (Side area) 
      Cumulative area ratio:    2.24
      Required ratio:    0.00 (Cumulative area) 
      Cumulative area ratio:   11.97
      Required ratio:    0.00 (Cumulative side area) 

    Layer: li1
      Partial area ratio:    0.00
      Required ratio:    0.00 (Gate area) 
      Partial area ratio:    0.00
      Required ratio:   75.00 (Side area) 
      Cumulative area ratio:    0.00
      Required ratio:    0.00 (Cumulative area) 
      Cumulative area ratio:    0.00
      Required ratio:    0.00 (Cumulative side area) 

    Via: M3M4_PR
      Partial area ratio:    0.16
      Required ratio:    6.00 (Gate area) 
      Cumulative area ratio:    1.22
      Required ratio:    0.00 (Cumulative area) 

    Via: M2M3_PR
      Partial area ratio:    0.16
      Required ratio:    6.00 (Gate area) 
      Cumulative area ratio:    0.46
      Required ratio:    0.00 (Cumulative area) 

    Via: M1M2_PR
      Partial area ratio:    0.18
      Required ratio:    6.00 (Gate area) 
      Cumulative area ratio:    0.30
      Required ratio:    0.00 (Cumulative area) 

    Via: L1M1_PR
      Partial area ratio:    0.12
      Required ratio:    3.00 (Gate area) 
      Cumulative area ratio:    0.12
      Required ratio:    0.00 (Cumulative area) 

  Pin: _1067_/B (sky130_fd_sc_hd__nor2_1)
    Layer: met4
      Partial area ratio:    7.66
      Required ratio:    0.00 (Gate area) 
      Partial area ratio:   42.01
      Required ratio: 2918.60 (Side area) 
      Cumulative area ratio:   41.11
      Required ratio:    0.00 (Cumulative area) 
      Cumulative area ratio:  217.45
      Required ratio:    0.00 (Cumulative side area) 

    Layer: met3
      Partial area ratio:   16.91
      Required ratio:    0.00 (Gate area) 
      Partial area ratio:   91.15
      Required ratio:  400.00 (Side area) 
      Cumulative area ratio:   33.45
      Required ratio:    0.00 (Cumulative area) 
      Cumulative area ratio:  175.43
      Required ratio:    0.00 (Cumulative side area) 

    Layer: met2
      Partial area ratio:   11.79
      Required ratio:    0.00 (Gate area) 
      Partial area ratio:   59.34
      Required ratio:  400.00 (Side area) 
      Cumulative area ratio:   16.54
      Required ratio:    0.00 (Cumulative area) 
      Cumulative area ratio:   84.28
      Required ratio:    0.00 (Cumulative side area) 

    Layer: met1
      Partial area ratio:    4.75
      Required ratio:    0.00 (Gate area) 
      Partial area ratio:   24.95
      Required ratio:  400.00 (Side area) 
      Cumulative area ratio:    4.75
      Required ratio:    0.00 (Cumulative area) 
      Cumulative area ratio:   24.95
      Required ratio:    0.00 (Cumulative side area) 

    Layer: li1
      Partial area ratio:    0.00
      Required ratio:    0.00 (Gate area) 
      Partial area ratio:    0.00
      Required ratio:   75.00 (Side area) 
      Cumulative area ratio:    0.00
      Required ratio:    0.00 (Cumulative area) 
      Cumulative area ratio:    0.00
      Required ratio:    0.00 (Cumulative side area) 

    Via: M3M4_PR
      Partial area ratio:    0.16
      Required ratio:    6.00 (Gate area) 
      Cumulative area ratio:    0.87
      Required ratio:    0.00 (Cumulative area) 

    Via: M2M3_PR
      Partial area ratio:    0.32
      Required ratio:    6.00 (Gate area) 
      Cumulative area ratio:    0.71
      Required ratio:    0.00 (Cumulative area) 

    Via: M1M2_PR
      Partial area ratio:    0.27
      Required ratio:    6.00 (Gate area) 
      Cumulative area ratio:    0.39
      Required ratio:    0.00 (Cumulative area) 

    Via: L1M1_PR
      Partial area ratio:    0.12
      Required ratio:    3.00 (Gate area) 
      Cumulative area ratio:    0.12
      Required ratio:    0.00 (Cumulative area) 

  Pin: max_cap13/A (sky130_fd_sc_hd__clkbuf_2)
    Layer: met1
      Partial area ratio:    4.07
      Required ratio:    0.00 (Gate area) 
      Partial area ratio:   22.66
      Required ratio: 2918.60 (Side area) 
      Cumulative area ratio:    4.07
      Required ratio:    0.00 (Cumulative area) 
      Cumulative area ratio:   22.66
      Required ratio:    0.00 (Cumulative side area) 

    Layer: met2
      Partial area ratio:    0.00
      Required ratio:    0.00 (Gate area) 
      Partial area ratio:    0.00
      Required ratio: 2918.60 (Side area) 
      Cumulative area ratio:    4.07
      Required ratio:    0.00 (Cumulative area) 
      Cumulative area ratio:   22.66
      Required ratio:    0.00 (Cumulative side area) 

    Layer: met3
      Partial area ratio:    0.00
      Required ratio:    0.00 (Gate area) 
      Partial area ratio:    0.00
      Required ratio: 2918.60 (Side area) 
      Cumulative area ratio:    4.07
      Required ratio:    0.00 (Cumulative area) 
      Cumulative area ratio:   22.66
      Required ratio:    0.00 (Cumulative side area) 

    Layer: met4
      Partial area ratio:    7.66
      Required ratio:    0.00 (Gate area) 
      Partial area ratio:   42.01
      Required ratio: 2918.60 (Side area) 
      Cumulative area ratio:   11.73
      Required ratio:    0.00 (Cumulative area) 
      Cumulative area ratio:   64.67
      Required ratio:    0.00 (Cumulative side area) 

    Layer: met2
      Partial area ratio:    0.00
      Required ratio:    0.00 (Gate area) 
      Partial area ratio:    0.00
      Required ratio: 2918.60 (Side area) 
      Cumulative area ratio:    4.07
      Required ratio:    0.00 (Cumulative area) 
      Cumulative area ratio:   22.66
      Required ratio:    0.00 (Cumulative side area) 

    Layer: li1
      Partial area ratio:    0.00
      Required ratio:    0.00 (Gate area) 
      Partial area ratio:    0.00
      Required ratio:   75.00 (Side area) 
      Cumulative area ratio:    0.00
      Required ratio:    0.00 (Cumulative area) 
      Cumulative area ratio:    0.00
      Required ratio:    0.00 (Cumulative side area) 

    Layer: met2
      Partial area ratio:    0.00
      Required ratio:    0.00 (Gate area) 
      Partial area ratio:    0.00
      Required ratio: 2918.60 (Side area) 
      Cumulative area ratio:    4.07
      Required ratio:    0.00 (Cumulative area) 
      Cumulative area ratio:   22.66
      Required ratio:    0.00 (Cumulative side area) 

    Via: M1M2_PR
      Partial area ratio:    0.32
      Required ratio:    6.00 (Gate area) 
      Cumulative area ratio:    0.45
      Required ratio:    0.00 (Cumulative area) 

    Via: M2M3_PR
      Partial area ratio:    0.19
      Required ratio:    6.00 (Gate area) 
      Cumulative area ratio:    0.64
      Required ratio:    0.00 (Cumulative area) 

    Via: M3M4_PR
      Partial area ratio:    0.19
      Required ratio:    6.00 (Gate area) 
      Cumulative area ratio:    0.83
      Required ratio:    0.00 (Cumulative area) 

    Via: L1M1_PR
      Partial area ratio:    0.14
      Required ratio:    3.00 (Gate area) 
      Cumulative area ratio:    0.14
      Required ratio:    0.00 (Cumulative area) 


Net: _0399_
  Pin: _1187_/A2 (sky130_fd_sc_hd__a31o_1)
    Layer: met4
      Partial area ratio:   25.45
      Required ratio:    0.00 (Gate area) 
      Partial area ratio:  137.70
      Required ratio: 2775.60 (Side area) 
      Cumulative area ratio:  128.45
      Required ratio:    0.00 (Cumulative area) 
      Cumulative area ratio:  686.61
      Required ratio:    0.00 (Cumulative side area) 

    Layer: met3
      Partial area ratio:   92.36
      Required ratio:    0.00 (Gate area) 
      Partial area ratio:  494.55
      Required ratio:  400.00 (Side area) (VIOLATED)
      Cumulative area ratio:  103.00
      Required ratio:    0.00 (Cumulative area) 
      Cumulative area ratio:  548.91
      Required ratio:    0.00 (Cumulative side area) 

    Layer: met2
      Partial area ratio:    7.89
      Required ratio:    0.00 (Gate area) 
      Partial area ratio:   39.82
      Required ratio:  400.00 (Side area) 
      Cumulative area ratio:   10.64
      Required ratio:    0.00 (Cumulative area) 
      Cumulative area ratio:   54.37
      Required ratio:    0.00 (Cumulative side area) 

    Layer: met1
      Partial area ratio:    2.75
      Required ratio:    0.00 (Gate area) 
      Partial area ratio:   14.54
      Required ratio:  400.00 (Side area) 
      Cumulative area ratio:    2.75
      Required ratio:    0.00 (Cumulative area) 
      Cumulative area ratio:   14.54
      Required ratio:    0.00 (Cumulative side area) 

    Layer: li1
      Partial area ratio:    0.00
      Required ratio:    0.00 (Gate area) 
      Partial area ratio:    0.00
      Required ratio:   75.00 (Side area) 
      Cumulative area ratio:    0.00
      Required ratio:    0.00 (Cumulative area) 
      Cumulative area ratio:    0.00
      Required ratio:    0.00 (Cumulative side area) 

    Via: M3M4_PR
      Partial area ratio:    0.16
      Required ratio:    6.00 (Gate area) 
      Cumulative area ratio:    0.62
      Required ratio:    0.00 (Cumulative area) 

    Via: M2M3_PR
      Partial area ratio:    0.16
      Required ratio:    6.00 (Gate area) 
      Cumulative area ratio:    0.46
      Required ratio:    0.00 (Cumulative area) 

    Via: M1M2_PR
      Partial area ratio:    0.18
      Required ratio:    6.00 (Gate area) 
      Cumulative area ratio:    0.30
      Required ratio:    0.00 (Cumulative area) 

    Via: L1M1_PR
      Partial area ratio:    0.12
      Required ratio:    3.00 (Gate area) 
      Cumulative area ratio:    0.12
      Required ratio:    0.00 (Cumulative area) 


Net: _0613_
  Pin: _1426_/B1 (sky130_fd_sc_hd__o2bb2a_1)
    Layer: met1
      Partial area ratio:    8.12
      Required ratio:    0.00 (Gate area) 
      Partial area ratio:   43.71
      Required ratio: 2771.60 (Side area) 
      Cumulative area ratio:    8.12
      Required ratio:    0.00 (Cumulative area) 
      Cumulative area ratio:   43.71
      Required ratio:    0.00 (Cumulative side area) 

    Layer: met2
      Partial area ratio:    0.00
      Required ratio:    0.00 (Gate area) 
      Partial area ratio:    0.00
      Required ratio: 2771.60 (Side area) 
      Cumulative area ratio:    8.12
      Required ratio:    0.00 (Cumulative area) 
      Cumulative area ratio:   43.71
      Required ratio:    0.00 (Cumulative side area) 

    Layer: li1
      Partial area ratio:    0.00
      Required ratio:    0.00 (Gate area) 
      Partial area ratio:    0.00
      Required ratio:   75.00 (Side area) 
      Cumulative area ratio:    0.00
      Required ratio:    0.00 (Cumulative area) 
      Cumulative area ratio:    0.00
      Required ratio:    0.00 (Cumulative side area) 

    Layer: met2
      Partial area ratio:    0.00
      Required ratio:    0.00 (Gate area) 
      Partial area ratio:    0.00
      Required ratio: 2771.60 (Side area) 
      Cumulative area ratio:    8.12
      Required ratio:    0.00 (Cumulative area) 
      Cumulative area ratio:   43.71
      Required ratio:    0.00 (Cumulative side area) 

    Layer: met3
      Partial area ratio:    0.00
      Required ratio:    0.00 (Gate area) 
      Partial area ratio:    0.00
      Required ratio: 2771.60 (Side area) 
      Cumulative area ratio:    8.12
      Required ratio:    0.00 (Cumulative area) 
      Cumulative area ratio:   43.71
      Required ratio:    0.00 (Cumulative side area) 

    Layer: met4
      Partial area ratio:   16.79
      Required ratio:    0.00 (Gate area) 
      Partial area ratio:   91.43
      Required ratio: 2771.60 (Side area) 
      Cumulative area ratio:   24.91
      Required ratio:    0.00 (Cumulative area) 
      Cumulative area ratio:  135.14
      Required ratio:    0.00 (Cumulative side area) 

    Layer: met2
      Partial area ratio:    0.00
      Required ratio:    0.00 (Gate area) 
      Partial area ratio:    0.00
      Required ratio: 2771.60 (Side area) 
      Cumulative area ratio:    8.12
      Required ratio:    0.00 (Cumulative area) 
      Cumulative area ratio:   43.71
      Required ratio:    0.00 (Cumulative side area) 

    Via: M1M2_PR
      Partial area ratio:    0.54
      Required ratio:    6.00 (Gate area) 
      Cumulative area ratio:    0.77
      Required ratio:    0.00 (Cumulative area) 

    Via: L1M1_PR
      Partial area ratio:    0.23
      Required ratio:    3.00 (Gate area) 
      Cumulative area ratio:    0.23
      Required ratio:    0.00 (Cumulative area) 

    Via: M2M3_PR
      Partial area ratio:    0.32
      Required ratio:    6.00 (Gate area) 
      Cumulative area ratio:    1.08
      Required ratio:    0.00 (Cumulative area) 

    Via: M3M4_PR
      Partial area ratio:    0.32
      Required ratio:    6.00 (Gate area) 
      Cumulative area ratio:    1.40
      Required ratio:    0.00 (Cumulative area) 

  Pin: _1398_/C (sky130_fd_sc_hd__or3_1)
    Layer: met4
      Partial area ratio:   16.79
      Required ratio:    0.00 (Gate area) 
      Partial area ratio:   91.43
      Required ratio: 2771.60 (Side area) 
      Cumulative area ratio:  193.37
      Required ratio:    0.00 (Cumulative area) 
      Cumulative area ratio: 1035.47
      Required ratio:    0.00 (Cumulative side area) 

    Layer: met3
      Partial area ratio:  165.00
      Required ratio:    0.00 (Gate area) 
      Partial area ratio:  883.81
      Required ratio:  400.00 (Side area) (VIOLATED)
      Cumulative area ratio:  176.58
      Required ratio:    0.00 (Cumulative area) 
      Cumulative area ratio:  944.04
      Required ratio:    0.00 (Cumulative side area) 

    Layer: met2
      Partial area ratio:    7.82
      Required ratio:    0.00 (Gate area) 
      Partial area ratio:   39.89
      Required ratio:  400.00 (Side area) 
      Cumulative area ratio:   11.58
      Required ratio:    0.00 (Cumulative area) 
      Cumulative area ratio:   60.23
      Required ratio:    0.00 (Cumulative side area) 

    Layer: met1
      Partial area ratio:    3.76
      Required ratio:    0.00 (Gate area) 
      Partial area ratio:   20.34
      Required ratio:  400.00 (Side area) 
      Cumulative area ratio:    3.76
      Required ratio:    0.00 (Cumulative area) 
      Cumulative area ratio:   20.34
      Required ratio:    0.00 (Cumulative side area) 

    Layer: li1
      Partial area ratio:    0.00
      Required ratio:    0.00 (Gate area) 
      Partial area ratio:    0.00
      Required ratio:   75.00 (Side area) 
      Cumulative area ratio:    0.00
      Required ratio:    0.00 (Cumulative area) 
      Cumulative area ratio:    0.00
      Required ratio:    0.00 (Cumulative side area) 

    Via: M3M4_PR
      Partial area ratio:    0.32
      Required ratio:    6.00 (Gate area) 
      Cumulative area ratio:    1.22
      Required ratio:    0.00 (Cumulative area) 

    Via: M2M3_PR
      Partial area ratio:    0.32
      Required ratio:    6.00 (Gate area) 
      Cumulative area ratio:    0.90
      Required ratio:    0.00 (Cumulative area) 

    Via: M1M2_PR
      Partial area ratio:    0.36
      Required ratio:    6.00 (Gate area) 
      Cumulative area ratio:    0.59
      Required ratio:    0.00 (Cumulative area) 

    Via: L1M1_PR
      Partial area ratio:    0.23
      Required ratio:    3.00 (Gate area) 
      Cumulative area ratio:    0.23
      Required ratio:    0.00 (Cumulative area) 


Net: audio_player_inst.current_addr\[5\]
  Pin: fanout63/A (sky130_fd_sc_hd__buf_2)
    Layer: met4
      Partial area ratio:   22.74
      Required ratio:    0.00 (Gate area) 
      Partial area ratio:  123.87
      Required ratio: 2771.60 (Side area) 
      Cumulative area ratio:  162.74
      Required ratio:    0.00 (Cumulative area) 
      Cumulative area ratio:  872.29
      Required ratio:    0.00 (Cumulative side area) 

    Layer: met3
      Partial area ratio:  130.75
      Required ratio:    0.00 (Gate area) 
      Partial area ratio:  700.38
      Required ratio:  400.00 (Side area) (VIOLATED)
      Cumulative area ratio:  139.99
      Required ratio:    0.00 (Cumulative area) 
      Cumulative area ratio:  748.42
      Required ratio:    0.00 (Cumulative side area) 

    Layer: met2
      Partial area ratio:    6.20
      Required ratio:    0.00 (Gate area) 
      Partial area ratio:   31.61
      Required ratio:  400.00 (Side area) 
      Cumulative area ratio:    9.24
      Required ratio:    0.00 (Cumulative area) 
      Cumulative area ratio:   48.04
      Required ratio:    0.00 (Cumulative side area) 

    Layer: met1
      Partial area ratio:    3.04
      Required ratio:    0.00 (Gate area) 
      Partial area ratio:   16.43
      Required ratio:  400.00 (Side area) 
      Cumulative area ratio:    3.04
      Required ratio:    0.00 (Cumulative area) 
      Cumulative area ratio:   16.43
      Required ratio:    0.00 (Cumulative side area) 

    Layer: li1
      Partial area ratio:    0.00
      Required ratio:    0.00 (Gate area) 
      Partial area ratio:    0.00
      Required ratio:   75.00 (Side area) 
      Cumulative area ratio:    0.00
      Required ratio:    0.00 (Cumulative area) 
      Cumulative area ratio:    0.00
      Required ratio:    0.00 (Cumulative side area) 

    Via: M3M4_PR
      Partial area ratio:    0.25
      Required ratio:    6.00 (Gate area) 
      Cumulative area ratio:    0.97
      Required ratio:    0.00 (Cumulative area) 

    Via: M2M3_PR
      Partial area ratio:    0.25
      Required ratio:    6.00 (Gate area) 
      Cumulative area ratio:    0.72
      Required ratio:    0.00 (Cumulative area) 

    Via: M1M2_PR
      Partial area ratio:    0.28
      Required ratio:    6.00 (Gate area) 
      Cumulative area ratio:    0.46
      Required ratio:    0.00 (Cumulative area) 

    Via: L1M1_PR
      Partial area ratio:    0.18
      Required ratio:    3.00 (Gate area) 
      Cumulative area ratio:    0.18
      Required ratio:    0.00 (Cumulative area) 

  Pin: fanout68/A (sky130_fd_sc_hd__clkbuf_2)
    Layer: met3
      Partial area ratio:    0.00
      Required ratio:    0.00 (Gate area) 
      Partial area ratio:    0.00
      Required ratio:  400.00 (Side area) 
      Cumulative area ratio:    2.78
      Required ratio:    0.00 (Cumulative area) 
      Cumulative area ratio:   14.82
      Required ratio:    0.00 (Cumulative side area) 

    Layer: met2
      Partial area ratio:    0.00
      Required ratio:    0.00 (Gate area) 
      Partial area ratio:    0.00
      Required ratio:  400.00 (Side area) 
      Cumulative area ratio:    2.78
      Required ratio:    0.00 (Cumulative area) 
      Cumulative area ratio:   14.82
      Required ratio:    0.00 (Cumulative side area) 

    Layer: met1
      Partial area ratio:    2.78
      Required ratio:    0.00 (Gate area) 
      Partial area ratio:   14.82
      Required ratio:  400.00 (Side area) 
      Cumulative area ratio:    2.78
      Required ratio:    0.00 (Cumulative area) 
      Cumulative area ratio:   14.82
      Required ratio:    0.00 (Cumulative side area) 

    Layer: li1
      Partial area ratio:    0.00
      Required ratio:    0.00 (Gate area) 
      Partial area ratio:    0.00
      Required ratio:   75.00 (Side area) 
      Cumulative area ratio:    0.00
      Required ratio:    0.00 (Cumulative area) 
      Cumulative area ratio:    0.00
      Required ratio:    0.00 (Cumulative side area) 

    Via: M3M4_PR
      Partial area ratio:    0.19
      Required ratio:    6.00 (Gate area) 
      Cumulative area ratio:    0.72
      Required ratio:    0.00 (Cumulative area) 

    Via: M2M3_PR
      Partial area ratio:    0.19
      Required ratio:    6.00 (Gate area) 
      Cumulative area ratio:    0.53
      Required ratio:    0.00 (Cumulative area) 

    Via: M1M2_PR
      Partial area ratio:    0.21
      Required ratio:    6.00 (Gate area) 
      Cumulative area ratio:    0.35
      Required ratio:    0.00 (Cumulative area) 

    Via: L1M1_PR
      Partial area ratio:    0.14
      Required ratio:    3.00 (Gate area) 
      Cumulative area ratio:    0.14
      Required ratio:    0.00 (Cumulative area) 


Net: net1
  Pin: _1498_/A2 (sky130_fd_sc_hd__o21ba_1)
    Layer: met4
      Partial area ratio:    4.29
      Required ratio:    0.00 (Gate area) 
      Partial area ratio:   23.52
      Required ratio: 2753.36 (Side area) 
      Cumulative area ratio:   14.63
      Required ratio:    0.00 (Cumulative area) 
      Cumulative area ratio:   80.05
      Required ratio:    0.00 (Cumulative side area) 

    Layer: met3
      Partial area ratio:    7.85
      Required ratio:    0.00 (Gate area) 
      Partial area ratio:   43.30
      Required ratio:  400.00 (Side area) 
      Cumulative area ratio:   10.34
      Required ratio:    0.00 (Cumulative area) 
      Cumulative area ratio:   56.52
      Required ratio:    0.00 (Cumulative side area) 

    Layer: met2
      Partial area ratio:    0.00
      Required ratio:    0.00 (Gate area) 
      Partial area ratio:    0.00
      Required ratio:  400.00 (Side area) 
      Cumulative area ratio:    2.49
      Required ratio:    0.00 (Cumulative area) 
      Cumulative area ratio:   13.22
      Required ratio:    0.00 (Cumulative side area) 

    Layer: met1
      Partial area ratio:    2.49
      Required ratio:    0.00 (Gate area) 
      Partial area ratio:   13.22
      Required ratio:  400.00 (Side area) 
      Cumulative area ratio:    2.49
      Required ratio:    0.00 (Cumulative area) 
      Cumulative area ratio:   13.22
      Required ratio:    0.00 (Cumulative side area) 

    Layer: li1
      Partial area ratio:    0.00
      Required ratio:    0.00 (Gate area) 
      Partial area ratio:    0.00
      Required ratio:   75.00 (Side area) 
      Cumulative area ratio:    0.00
      Required ratio:    0.00 (Cumulative area) 
      Cumulative area ratio:    0.00
      Required ratio:    0.00 (Cumulative side area) 

    Via: M3M4_PR
      Partial area ratio:    0.06
      Required ratio:    6.00 (Gate area) 
      Cumulative area ratio:    0.52
      Required ratio:    0.00 (Cumulative area) 

    Via: M2M3_PR
      Partial area ratio:    0.16
      Required ratio:    6.00 (Gate area) 
      Cumulative area ratio:    0.46
      Required ratio:    0.00 (Cumulative area) 

    Via: M1M2_PR
      Partial area ratio:    0.18
      Required ratio:    6.00 (Gate area) 
      Cumulative area ratio:    0.30
      Required ratio:    0.00 (Cumulative area) 

    Via: L1M1_PR
      Partial area ratio:    0.12
      Required ratio:    3.00 (Gate area) 
      Cumulative area ratio:    0.12
      Required ratio:    0.00 (Cumulative area) 

  Pin: _0807_/A (sky130_fd_sc_hd__and3_1)
    Layer: met4
      Partial area ratio:    4.29
      Required ratio:    0.00 (Gate area) 
      Partial area ratio:   23.52
      Required ratio: 2753.36 (Side area) 
      Cumulative area ratio:  162.46
      Required ratio:    0.00 (Cumulative area) 
      Cumulative area ratio:  873.31
      Required ratio:    0.00 (Cumulative side area) 

    Layer: met3
      Partial area ratio:  148.57
      Required ratio:    0.00 (Gate area) 
      Partial area ratio:  796.19
      Required ratio:  400.00 (Side area) (VIOLATED)
      Cumulative area ratio:  150.32
      Required ratio:    0.00 (Cumulative area) 
      Cumulative area ratio:  806.48
      Required ratio:    0.00 (Cumulative side area) 

    Layer: met2
      Partial area ratio:    0.00
      Required ratio:    0.00 (Gate area) 
      Partial area ratio:    0.00
      Required ratio:  400.00 (Side area) 
      Cumulative area ratio:    1.75
      Required ratio:    0.00 (Cumulative area) 
      Cumulative area ratio:   10.29
      Required ratio:    0.00 (Cumulative side area) 

    Layer: met1
      Partial area ratio:    1.75
      Required ratio:    0.00 (Gate area) 
      Partial area ratio:   10.29
      Required ratio:  400.00 (Side area) 
      Cumulative area ratio:    1.75
      Required ratio:    0.00 (Cumulative area) 
      Cumulative area ratio:   10.29
      Required ratio:    0.00 (Cumulative side area) 

    Layer: li1
      Partial area ratio:    0.00
      Required ratio:    0.00 (Gate area) 
      Partial area ratio:    0.00
      Required ratio:   75.00 (Side area) 
      Cumulative area ratio:    0.00
      Required ratio:    0.00 (Cumulative area) 
      Cumulative area ratio:    0.00
      Required ratio:    0.00 (Cumulative side area) 

    Via: M3M4_PR
      Partial area ratio:    0.32
      Required ratio:    6.00 (Gate area) 
      Cumulative area ratio:    1.22
      Required ratio:    0.00 (Cumulative area) 

    Via: M2M3_PR
      Partial area ratio:    0.32
      Required ratio:    6.00 (Gate area) 
      Cumulative area ratio:    0.90
      Required ratio:    0.00 (Cumulative area) 

    Via: M1M2_PR
      Partial area ratio:    0.36
      Required ratio:    6.00 (Gate area) 
      Cumulative area ratio:    0.59
      Required ratio:    0.00 (Cumulative area) 

    Via: L1M1_PR
      Partial area ratio:    0.23
      Required ratio:    3.00 (Gate area) 
      Cumulative area ratio:    0.23
      Required ratio:    0.00 (Cumulative area) 

  Pin: _1531_/B (sky130_fd_sc_hd__and2_2)
    Layer: met4
      Partial area ratio:    4.29
      Required ratio:    0.00 (Gate area) 
      Partial area ratio:   23.52
      Required ratio: 2753.36 (Side area) 
      Cumulative area ratio:   14.53
      Required ratio:    0.00 (Cumulative area) 
      Cumulative area ratio:   79.52
      Required ratio:    0.00 (Cumulative side area) 

    Layer: met3
      Partial area ratio:    7.85
      Required ratio:    0.00 (Gate area) 
      Partial area ratio:   43.30
      Required ratio:  400.00 (Side area) 
      Cumulative area ratio:   10.24
      Required ratio:    0.00 (Cumulative area) 
      Cumulative area ratio:   56.00
      Required ratio:    0.00 (Cumulative side area) 

    Layer: met2
      Partial area ratio:    0.00
      Required ratio:    0.00 (Gate area) 
      Partial area ratio:    0.00
      Required ratio:  400.00 (Side area) 
      Cumulative area ratio:    2.38
      Required ratio:    0.00 (Cumulative area) 
      Cumulative area ratio:   12.70
      Required ratio:    0.00 (Cumulative side area) 

    Layer: met1
      Partial area ratio:    2.38
      Required ratio:    0.00 (Gate area) 
      Partial area ratio:   12.70
      Required ratio:  400.00 (Side area) 
      Cumulative area ratio:    2.38
      Required ratio:    0.00 (Cumulative area) 
      Cumulative area ratio:   12.70
      Required ratio:    0.00 (Cumulative side area) 

    Layer: li1
      Partial area ratio:    0.00
      Required ratio:    0.00 (Gate area) 
      Partial area ratio:    0.00
      Required ratio:   75.00 (Side area) 
      Cumulative area ratio:    0.00
      Required ratio:    0.00 (Cumulative area) 
      Cumulative area ratio:    0.00
      Required ratio:    0.00 (Cumulative side area) 

    Via: M3M4_PR
      Partial area ratio:    0.06
      Required ratio:    6.00 (Gate area) 
      Cumulative area ratio:    0.46
      Required ratio:    0.00 (Cumulative area) 

    Via: M2M3_PR
      Partial area ratio:    0.06
      Required ratio:    6.00 (Gate area) 
      Cumulative area ratio:    0.40
      Required ratio:    0.00 (Cumulative area) 

    Via: M1M2_PR
      Partial area ratio:    0.11
      Required ratio:    6.00 (Gate area) 
      Cumulative area ratio:    0.34
      Required ratio:    0.00 (Cumulative area) 

    Via: L1M1_PR
      Partial area ratio:    0.23
      Required ratio:    3.00 (Gate area) 
      Cumulative area ratio:    0.23
      Required ratio:    0.00 (Cumulative area) 

  Pin: _1532_/B (sky130_fd_sc_hd__nand2_2)
    Layer: met4
      Partial area ratio:    4.29
      Required ratio:    0.00 (Gate area) 
      Partial area ratio:   23.52
      Required ratio: 2753.36 (Side area) 
      Cumulative area ratio:   14.53
      Required ratio:    0.00 (Cumulative area) 
      Cumulative area ratio:   79.52
      Required ratio:    0.00 (Cumulative side area) 

    Layer: met3
      Partial area ratio:    7.85
      Required ratio:    0.00 (Gate area) 
      Partial area ratio:   43.30
      Required ratio:  400.00 (Side area) 
      Cumulative area ratio:   10.24
      Required ratio:    0.00 (Cumulative area) 
      Cumulative area ratio:   56.00
      Required ratio:    0.00 (Cumulative side area) 

    Layer: met2
      Partial area ratio:    0.00
      Required ratio:    0.00 (Gate area) 
      Partial area ratio:    0.00
      Required ratio:  400.00 (Side area) 
      Cumulative area ratio:    2.38
      Required ratio:    0.00 (Cumulative area) 
      Cumulative area ratio:   12.70
      Required ratio:    0.00 (Cumulative side area) 

    Layer: met1
      Partial area ratio:    2.38
      Required ratio:    0.00 (Gate area) 
      Partial area ratio:   12.70
      Required ratio:  400.00 (Side area) 
      Cumulative area ratio:    2.38
      Required ratio:    0.00 (Cumulative area) 
      Cumulative area ratio:   12.70
      Required ratio:    0.00 (Cumulative side area) 

    Layer: li1
      Partial area ratio:    0.00
      Required ratio:    0.00 (Gate area) 
      Partial area ratio:    0.00
      Required ratio:   75.00 (Side area) 
      Cumulative area ratio:    0.00
      Required ratio:    0.00 (Cumulative area) 
      Cumulative area ratio:    0.00
      Required ratio:    0.00 (Cumulative side area) 

    Via: M3M4_PR
      Partial area ratio:    0.06
      Required ratio:    6.00 (Gate area) 
      Cumulative area ratio:    0.29
      Required ratio:    0.00 (Cumulative area) 

    Via: M2M3_PR
      Partial area ratio:    0.06
      Required ratio:    6.00 (Gate area) 
      Cumulative area ratio:    0.23
      Required ratio:    0.00 (Cumulative area) 

    Via: M1M2_PR
      Partial area ratio:    0.11
      Required ratio:    6.00 (Gate area) 
      Cumulative area ratio:    0.17
      Required ratio:    0.00 (Cumulative area) 

    Via: L1M1_PR
      Partial area ratio:    0.06
      Required ratio:    3.00 (Gate area) 
      Cumulative area ratio:    0.06
      Required ratio:    0.00 (Cumulative area) 

  Pin: _0787_/A (sky130_fd_sc_hd__inv_2)
    Layer: met4
      Partial area ratio:    4.29
      Required ratio:    0.00 (Gate area) 
      Partial area ratio:   23.52
      Required ratio: 2753.36 (Side area) 
      Cumulative area ratio:   13.25
      Required ratio:    0.00 (Cumulative area) 
      Cumulative area ratio:   72.75
      Required ratio:    0.00 (Cumulative side area) 

    Layer: met3
      Partial area ratio:    7.85
      Required ratio:    0.00 (Gate area) 
      Partial area ratio:   43.30
      Required ratio:  400.00 (Side area) 
      Cumulative area ratio:    8.96
      Required ratio:    0.00 (Cumulative area) 
      Cumulative area ratio:   49.23
      Required ratio:    0.00 (Cumulative side area) 

    Layer: met2
      Partial area ratio:    0.00
      Required ratio:    0.00 (Gate area) 
      Partial area ratio:    0.00
      Required ratio:  400.00 (Side area) 
      Cumulative area ratio:    1.11
      Required ratio:    0.00 (Cumulative area) 
      Cumulative area ratio:    5.93
      Required ratio:    0.00 (Cumulative side area) 

    Layer: met1
      Partial area ratio:    1.11
      Required ratio:    0.00 (Gate area) 
      Partial area ratio:    5.93
      Required ratio:  400.00 (Side area) 
      Cumulative area ratio:    1.11
      Required ratio:    0.00 (Cumulative area) 
      Cumulative area ratio:    5.93
      Required ratio:    0.00 (Cumulative side area) 

    Layer: li1
      Partial area ratio:    0.00
      Required ratio:    0.00 (Gate area) 
      Partial area ratio:    0.00
      Required ratio:   75.00 (Side area) 
      Cumulative area ratio:    0.00
      Required ratio:    0.00 (Cumulative area) 
      Cumulative area ratio:    0.00
      Required ratio:    0.00 (Cumulative side area) 

    Via: M3M4_PR
      Partial area ratio:    0.06
      Required ratio:    6.00 (Gate area) 
      Cumulative area ratio:    0.29
      Required ratio:    0.00 (Cumulative area) 

    Via: M2M3_PR
      Partial area ratio:    0.08
      Required ratio:    6.00 (Gate area) 
      Cumulative area ratio:    0.23
      Required ratio:    0.00 (Cumulative area) 

    Via: M1M2_PR
      Partial area ratio:    0.09
      Required ratio:    6.00 (Gate area) 
      Cumulative area ratio:    0.15
      Required ratio:    0.00 (Cumulative area) 

    Via: L1M1_PR
      Partial area ratio:    0.06
      Required ratio:    3.00 (Gate area) 
      Cumulative area ratio:    0.06
      Required ratio:    0.00 (Cumulative area) 


[INFO ANT-0002] Found 7 net violations.
[INFO ANT-0001] Found 7 pin violations.
