┏━━━━━━━┳━━━━━━━━━┳━━━━━━━━━━┳━━━━━━━━━━━━━━━━━━━━━━━━━━━━━━━━━━━━┳━━━━━━━━━━━━┳━━━━━━━┓
┃ P / R ┃ Partial ┃ Required ┃ Net                                ┃ Pin        ┃ Layer ┃
┡━━━━━━━╇━━━━━━━━━╇━━━━━━━━━━╇━━━━━━━━━━━━━━━━━━━━━━━━━━━━━━━━━━━━╇━━━━━━━━━━━━╇━━━━━━━┩
│ 2.45  │ 979.05  │ 400.00   │ _0217_                             │ _1443_/A1  │ met3  │
│ 2.21  │ 883.81  │ 400.00   │ _0613_                             │ _1398_/C   │ met3  │
│ 1.99  │ 796.19  │ 400.00   │ net1                               │ _0807_/A   │ met3  │
│ 1.75  │ 700.38  │ 400.00   │ audio_player_inst.current_addr[5\] │ fanout63/A │ met3  │
│ 1.35  │ 539.15  │ 400.00   │ _0058_                             │ _1099_/A2  │ met3  │
│ 1.33  │ 533.33  │ 400.00   │ _0089_                             │ _0876_/B   │ met3  │
│ 1.24  │ 494.55  │ 400.00   │ _0399_                             │ _1187_/A2  │ met3  │
│ 1.12  │ 449.94  │ 400.00   │ _0088_                             │ _1357_/A   │ met3  │
└───────┴─────────┴──────────┴────────────────────────────────────┴────────────┴───────┘
