
===========================================================================
report_checks -unconstrained
===========================================================================
======================= nom_ss_100C_1v60 Corner ===================================

Startpoint: rst_n (input port clocked by clk)
Endpoint: _1576_ (recovery check against rising-edge clock clk)
Path Group: asynchronous
Path Type: max

Fanout         Cap        Slew       Delay        Time   Description
---------------------------------------------------------------------------------------------
                                  0.000000    0.000000   clock clk (rise edge)
                                  0.000000    0.000000   clock network delay (propagated)
                                500.000000  500.000000 ^ input external delay
     1    0.010994    0.087934    0.057412  500.057434 ^ rst_n (in)
                                                         rst_n (net)
                      0.087935    0.000000  500.057434 ^ input2/A (sky130_fd_sc_hd__buf_1)
     2    0.023795    0.454153    0.432408  500.489838 ^ input2/X (sky130_fd_sc_hd__buf_1)
                                                         net2 (net)
                      0.454154    0.000455  500.490295 ^ fanout119/A (sky130_fd_sc_hd__buf_2)
     7    0.040006    0.316090    0.534556  501.024841 ^ fanout119/X (sky130_fd_sc_hd__buf_2)
                                                         net119 (net)
                      0.316102    0.002274  501.027130 ^ fanout118/A (sky130_fd_sc_hd__clkbuf_4)
    10    0.046697    0.234561    0.479588  501.506714 ^ fanout118/X (sky130_fd_sc_hd__clkbuf_4)
                                                         net118 (net)
                      0.234571    0.001819  501.508514 ^ _1576_/RESET_B (sky130_fd_sc_hd__dfrtp_2)
                                            501.508514   data arrival time

                               2500.000000 2500.000000   clock clk (rise edge)
                                  0.000000 2500.000000   clock source latency
     1    0.020187    0.151225    0.103000 2500.103027 ^ clk (in)
                                                         clk (net)
                      0.151228    0.000000 2500.103027 ^ clkbuf_0_clk/A (sky130_fd_sc_hd__clkbuf_16)
     4    0.048448    0.105040    0.296723 2500.399658 ^ clkbuf_0_clk/X (sky130_fd_sc_hd__clkbuf_16)
                                                         clknet_0_clk (net)
                      0.105056    0.001364 2500.401123 ^ clkbuf_2_3__f_clk/A (sky130_fd_sc_hd__clkbuf_16)
    11    0.032424    0.083804    0.255113 2500.656250 ^ clkbuf_2_3__f_clk/X (sky130_fd_sc_hd__clkbuf_16)
                                                         clknet_2_3__leaf_clk (net)
                      0.083805    0.000455 2500.656738 ^ _1576_/CLK (sky130_fd_sc_hd__dfrtp_2)
                                 -0.250000 2500.406494   clock uncertainty
                                  0.000000 2500.406494   clock reconvergence pessimism
                                  0.378894 2500.785400   library recovery time
                                           2500.785400   data required time
---------------------------------------------------------------------------------------------
                                           2500.785400   data required time
                                           -501.508514   data arrival time
---------------------------------------------------------------------------------------------
                                           1999.276733   slack (MET)


Startpoint: ena (input port clocked by clk)
Endpoint: _1581_ (rising edge-triggered flip-flop clocked by clk)
Path Group: clk
Path Type: max

Fanout         Cap        Slew       Delay        Time   Description
---------------------------------------------------------------------------------------------
                                  0.000000    0.000000   clock clk (rise edge)
                                  0.000000    0.000000   clock network delay (propagated)
                                500.000000  500.000000 ^ input external delay
     1    0.008489    0.070815    0.044963  500.044983 ^ ena (in)
                                                         ena (net)
                      0.070815    0.000000  500.044983 ^ input1/A (sky130_fd_sc_hd__clkbuf_2)
     6    0.040393    0.344409    0.387161  500.432129 ^ input1/X (sky130_fd_sc_hd__clkbuf_2)
                                                         net1 (net)
                      0.344415    0.001307  500.433441 ^ _0787_/A (sky130_fd_sc_hd__inv_2)
     1    0.004524    0.072198    0.136595  500.570038 v _0787_/Y (sky130_fd_sc_hd__inv_2)
                                                         _0624_ (net)
                      0.072198    0.000171  500.570221 v fanout116/A (sky130_fd_sc_hd__buf_2)
     8    0.049267    0.226539    0.391196  500.961395 v fanout116/X (sky130_fd_sc_hd__buf_2)
                                                         net116 (net)
                      0.226546    0.001592  500.962982 v fanout115/A (sky130_fd_sc_hd__buf_2)
    10    0.048233    0.222372    0.462819  501.425812 v fanout115/X (sky130_fd_sc_hd__buf_2)
                                                         net115 (net)
                      0.222422    0.003183  501.428986 v _1496_/C (sky130_fd_sc_hd__or3_1)
     1    0.004875    0.160161    0.804448  502.233459 v _1496_/X (sky130_fd_sc_hd__or3_1)
                                                         _0720_ (net)
                      0.160161    0.000171  502.233612 v _1497_/D (sky130_fd_sc_hd__nor4_2)
     5    0.027968    1.147808    0.913076  503.146698 ^ _1497_/Y (sky130_fd_sc_hd__nor4_2)
                                                         _0721_ (net)
                      1.147808    0.000682  503.147369 ^ max_cap3/A (sky130_fd_sc_hd__clkbuf_2)
     6    0.028283    0.254761    0.672514  503.819885 ^ max_cap3/X (sky130_fd_sc_hd__clkbuf_2)
                                                         net3 (net)
                      0.254768    0.001762  503.821655 ^ _1516_/A1 (sky130_fd_sc_hd__a32o_1)
     1    0.004027    0.114185    0.397279  504.218933 ^ _1516_/X (sky130_fd_sc_hd__a32o_1)
                                                         _0011_ (net)
                      0.114185    0.000114  504.219055 ^ _1581_/D (sky130_fd_sc_hd__dfrtp_1)
                                            504.219055   data arrival time

                               2500.000000 2500.000000   clock clk (rise edge)
                                  0.000000 2500.000000   clock source latency
     1    0.020187    0.151225    0.103000 2500.103027 ^ clk (in)
                                                         clk (net)
                      0.151228    0.000000 2500.103027 ^ clkbuf_0_clk/A (sky130_fd_sc_hd__clkbuf_16)
     4    0.048448    0.105040    0.296723 2500.399658 ^ clkbuf_0_clk/X (sky130_fd_sc_hd__clkbuf_16)
                                                         clknet_0_clk (net)
                      0.105056    0.001364 2500.401123 ^ clkbuf_2_3__f_clk/A (sky130_fd_sc_hd__clkbuf_16)
    11    0.032424    0.083804    0.255113 2500.656250 ^ clkbuf_2_3__f_clk/X (sky130_fd_sc_hd__clkbuf_16)
                                                         clknet_2_3__leaf_clk (net)
                      0.083806    0.000455 2500.656738 ^ _1581_/CLK (sky130_fd_sc_hd__dfrtp_1)
                                 -0.250000 2500.406494   clock uncertainty
                                  0.000000 2500.406494   clock reconvergence pessimism
                                 -0.141746 2500.264893   library setup time
                                           2500.264893   data required time
---------------------------------------------------------------------------------------------
                                           2500.264893   data required time
                                           -504.219055   data arrival time
---------------------------------------------------------------------------------------------
                                           1996.045776   slack (MET)




===========================================================================
report_checks --slack_max -0.01
============================================================================
======================= nom_ss_100C_1v60 Corner ===================================

No paths found.


===========================================================================
 report_check_types -max_slew -max_cap -max_fanout -violators
============================================================================
======================= nom_ss_100C_1v60 Corner ===================================

max slew

Pin                                        Limit        Slew       Slack
------------------------------------------------------------------------
_1497_/Y                                0.750000    1.147808   -0.397808 (VIOLATED)
_1498_/B1_N                             0.750000    1.147808   -0.397808 (VIOLATED)
_1519_/A1                               0.750000    1.147808   -0.397808 (VIOLATED)
_1520_/A2                               0.750000    1.147808   -0.397808 (VIOLATED)
_1521_/A2                               0.750000    1.147808   -0.397808 (VIOLATED)
max_cap3/A                              0.750000    1.147808   -0.397808 (VIOLATED)
_1351_/A3                               0.750000    1.027164   -0.277164 (VIOLATED)
_1350_/Y                                0.750000    1.027162   -0.277162 (VIOLATED)
_1026_/Y                                0.750000    0.969484   -0.219484 (VIOLATED)
_1027_/B                                0.750000    0.969484   -0.219484 (VIOLATED)
_1028_/B                                0.750000    0.969484   -0.219484 (VIOLATED)
max_cap7/A                              0.750000    0.969484   -0.219484 (VIOLATED)
_0858_/B                                0.750000    0.966569   -0.216569 (VIOLATED)
_1032_/B1                               0.750000    0.966569   -0.216569 (VIOLATED)
_0919_/A1                               0.750000    0.966568   -0.216568 (VIOLATED)
_0859_/B1                               0.750000    0.966567   -0.216567 (VIOLATED)
_0857_/Y                                0.750000    0.966565   -0.216565 (VIOLATED)
_1249_/A1_N                             0.750000    0.965440   -0.215440 (VIOLATED)
_1013_/B                                0.750000    0.965434   -0.215434 (VIOLATED)
_1012_/Y                                0.750000    0.965419   -0.215419 (VIOLATED)
_1128_/A2                               0.750000    0.965419   -0.215419 (VIOLATED)
ANTENNA_3/DIODE                         0.750000    0.940159   -0.190159 (VIOLATED)
_0876_/B                                0.750000    0.940160   -0.190160 (VIOLATED)
_1205_/A                                0.750000    0.940157   -0.190157 (VIOLATED)
_1067_/B                                0.750000    0.940156   -0.190156 (VIOLATED)
_0873_/Y                                0.750000    0.940154   -0.190154 (VIOLATED)
max_cap13/A                             0.750000    0.940154   -0.190154 (VIOLATED)
_1234_/A2                               0.750000    0.897049   -0.147049 (VIOLATED)
ANTENNA_4/DIODE                         0.750000    0.897049   -0.147049 (VIOLATED)
_1004_/Y                                0.750000    0.897035   -0.147035 (VIOLATED)
_1006_/B1                               0.750000    0.897035   -0.147035 (VIOLATED)
_1120_/A3                               0.750000    0.897035   -0.147035 (VIOLATED)
_0917_/A2                               0.750000    0.885897   -0.135897 (VIOLATED)
_1291_/A1                               0.750000    0.885897   -0.135897 (VIOLATED)
_0908_/Y                                0.750000    0.885893   -0.135893 (VIOLATED)
_1409_/A2                               0.750000    0.885893   -0.135893 (VIOLATED)
_1322_/B1                               0.750000    0.871154   -0.121154 (VIOLATED)
_1311_/B1                               0.750000    0.871153   -0.121153 (VIOLATED)
_0992_/B1                               0.750000    0.871149   -0.121149 (VIOLATED)
_1387_/D1                               0.750000    0.871141   -0.121142 (VIOLATED)
_1360_/A1                               0.750000    0.871140   -0.121140 (VIOLATED)
_0843_/Y                                0.750000    0.871137   -0.121137 (VIOLATED)
_1088_/A1                               0.750000    0.871137   -0.121137 (VIOLATED)
_1136_/A1                               0.750000    0.864544   -0.114544 (VIOLATED)
_0980_/Y                                0.750000    0.864541   -0.114541 (VIOLATED)
_1413_/C1                               0.750000    0.864541   -0.114541 (VIOLATED)
_1425_/A2                               0.750000    0.864541   -0.114541 (VIOLATED)
_0963_/B                                0.750000    0.863963   -0.113963 (VIOLATED)
_1473_/A1                               0.750000    0.863963   -0.113963 (VIOLATED)
_1074_/C                                0.750000    0.863962   -0.113962 (VIOLATED)
_1261_/A3                               0.750000    0.863962   -0.113962 (VIOLATED)
_1327_/B1                               0.750000    0.863958   -0.113958 (VIOLATED)
_0875_/Y                                0.750000    0.863953   -0.113953 (VIOLATED)
_1228_/A1                               0.750000    0.863953   -0.113953 (VIOLATED)
_1186_/A2                               0.750000    0.863242   -0.113242 (VIOLATED)
_1474_/A1                               0.750000    0.863240   -0.113240 (VIOLATED)
_1185_/X                                0.750000    0.863074   -0.113074 (VIOLATED)
_1409_/A3                               0.750000    0.850069   -0.100070 (VIOLATED)
ANTENNA_5/DIODE                         0.750000    0.850069   -0.100069 (VIOLATED)
_1036_/B                                0.750000    0.850069   -0.100069 (VIOLATED)
_1480_/A1                               0.750000    0.850068   -0.100068 (VIOLATED)
ANTENNA_6/DIODE                         0.750000    0.850067   -0.100067 (VIOLATED)
_1099_/A3                               0.750000    0.850058   -0.100058 (VIOLATED)
_1035_/Y                                0.750000    0.850056   -0.100056 (VIOLATED)
_1341_/A1                               0.750000    0.827357   -0.077357 (VIOLATED)
_1303_/B1                               0.750000    0.827354   -0.077354 (VIOLATED)
_1332_/B1                               0.750000    0.827350   -0.077351 (VIOLATED)
_1381_/A1                               0.750000    0.827341   -0.077341 (VIOLATED)
_1061_/B2                               0.750000    0.827340   -0.077340 (VIOLATED)
_1253_/B1                               0.750000    0.827339   -0.077339 (VIOLATED)
_0888_/B                                0.750000    0.827338   -0.077338 (VIOLATED)
_1125_/B1                               0.750000    0.827335   -0.077335 (VIOLATED)
_1262_/A1                               0.750000    0.827331   -0.077331 (VIOLATED)
_1126_/A1                               0.750000    0.827322   -0.077322 (VIOLATED)
_0856_/Y                                0.750000    0.827315   -0.077315 (VIOLATED)
_0971_/A1                               0.750000    0.797652   -0.047652 (VIOLATED)
_1402_/A2                               0.750000    0.797649   -0.047649 (VIOLATED)
_0850_/Y                                0.750000    0.797648   -0.047648 (VIOLATED)
_1197_/A                                0.750000    0.797648   -0.047648 (VIOLATED)
_1396_/C1                               0.750000    0.785100   -0.035100 (VIOLATED)
_0967_/A2                               0.750000    0.785100   -0.035100 (VIOLATED)
_0964_/Y                                0.750000    0.785099   -0.035099 (VIOLATED)
_1069_/B2                               0.750000    0.780109   -0.030109 (VIOLATED)
_0965_/C                                0.750000    0.780108   -0.030108 (VIOLATED)
_0966_/A3                               0.750000    0.780107   -0.030107 (VIOLATED)
_1375_/A1                               0.750000    0.780102   -0.030102 (VIOLATED)
_1141_/A1                               0.750000    0.780097   -0.030097 (VIOLATED)
_1008_/B1                               0.750000    0.780091   -0.030091 (VIOLATED)
_1422_/B1                               0.750000    0.780090   -0.030090 (VIOLATED)
_0894_/Y                                0.750000    0.780088   -0.030088 (VIOLATED)
_1352_/A                                0.750000    0.780088   -0.030088 (VIOLATED)
_1233_/B                                0.750000    0.775565   -0.025565 (VIOLATED)
_1076_/B                                0.750000    0.775565   -0.025565 (VIOLATED)
_1161_/A2                               0.750000    0.775565   -0.025565 (VIOLATED)
_1061_/B1                               0.750000    0.775561   -0.025561 (VIOLATED)
_1262_/A2                               0.750000    0.775559   -0.025559 (VIOLATED)
_1126_/A2                               0.750000    0.775555   -0.025555 (VIOLATED)
_0925_/Y                                0.750000    0.775550   -0.025550 (VIOLATED)
_1420_/C                                0.750000    0.762323   -0.012323 (VIOLATED)
_1449_/A2                               0.750000    0.762323   -0.012323 (VIOLATED)
_1455_/A2                               0.750000    0.762323   -0.012323 (VIOLATED)
_1206_/A1                               0.750000    0.762322   -0.012322 (VIOLATED)
_1372_/B2                               0.750000    0.762319   -0.012319 (VIOLATED)
_1034_/B                                0.750000    0.762315   -0.012315 (VIOLATED)
_1064_/A2                               0.750000    0.762314   -0.012314 (VIOLATED)
_1269_/A3                               0.750000    0.762310   -0.012310 (VIOLATED)
_1325_/A2                               0.750000    0.762310   -0.012310 (VIOLATED)
_1286_/B                                0.750000    0.762309   -0.012309 (VIOLATED)
_0838_/Y                                0.750000    0.762308   -0.012308 (VIOLATED)
_1189_/A2                               0.750000    0.754394   -0.004394 (VIOLATED)
_1443_/A0                               0.750000    0.754393   -0.004393 (VIOLATED)
_1383_/A1                               0.750000    0.754392   -0.004392 (VIOLATED)
_1406_/A1                               0.750000    0.754372   -0.004372 (VIOLATED)
_0922_/Y                                0.750000    0.754367   -0.004367 (VIOLATED)

max fanout

Pin                                   Limit Fanout  Slack
---------------------------------------------------------
clkbuf_2_2__f_clk/X                      10     11        (VIOLATED)
clkbuf_2_3__f_clk/X                      10     11        (VIOLATED)



===========================================================================
report_parasitic_annotation -report_unannotated
============================================================================
Found 42 unannotated drivers.
 ui_in[0]
 ui_in[1]
 ui_in[2]
 ui_in[3]
 ui_in[4]
 ui_in[5]
 ui_in[6]
 ui_in[7]
 uio_in[0]
 uio_in[1]
 uio_in[2]
 uio_in[3]
 uio_in[4]
 uio_in[5]
 uio_in[6]
 uio_in[7]
 clkload0/Y
 clkload1/Y
 clkload2/X
 tt_um_audio_player_121/HI
 tt_um_audio_player_122/HI
 tt_um_audio_player_123/HI
 tt_um_audio_player_124/HI
 tt_um_audio_player_125/HI
 tt_um_audio_player_126/HI
 tt_um_audio_player_127/HI
 tt_um_audio_player_128/HI
 tt_um_audio_player_129/HI
 tt_um_audio_player_130/HI
 tt_um_audio_player_131/HI
 tt_um_audio_player_132/HI
 tt_um_audio_player_133/HI
 tt_um_audio_player_134/HI
 tt_um_audio_player_135/HI
 tt_um_audio_player_136/HI
 tt_um_audio_player_137/HI
 tt_um_audio_player_138/HI
 tt_um_audio_player_139/HI
 tt_um_audio_player_140/HI
 tt_um_audio_player_141/HI
 tt_um_audio_player_142/HI
 tt_um_audio_player_143/HI
Found 0 partially unannotated drivers.

===========================================================================
max slew violation count 114
max fanout violation count 2
max cap violation count 0
============================================================================

===========================================================================
check_setup -verbose -unconstrained_endpoints -multiple_clock -no_clock -no_input_delay -loops -generated_clocks
===========================================================================
Warning: There are 23 unconstrained endpoints.
  uio_oe[0]
  uio_oe[1]
  uio_oe[2]
  uio_oe[3]
  uio_oe[4]
  uio_oe[5]
  uio_oe[6]
  uio_oe[7]
  uio_out[0]
  uio_out[1]
  uio_out[2]
  uio_out[3]
  uio_out[4]
  uio_out[5]
  uio_out[6]
  uio_out[7]
  uo_out[1]
  uo_out[2]
  uo_out[3]
  uo_out[4]
  uo_out[5]
  uo_out[6]
  uo_out[7]
