
===========================================================================
 report_power
============================================================================
======================= nom_ss_100C_1v60 Corner ===================================

Group                    Internal    Switching      Leakage        Total
                            Power        Power        Power        Power (Watts)
------------------------------------------------------------------------
Sequential           5.011090e-07 1.017091e-07 6.573865e-07 1.260204e-06  11.3%
Combinational        1.782259e-06 3.845158e-06 3.658244e-06 9.285662e-06  83.3%
Clock                3.082639e-07 1.795453e-07 1.123882e-07 6.001973e-07   5.4%
Macro                0.000000e+00 0.000000e+00 0.000000e+00 0.000000e+00   0.0%
Pad                  0.000000e+00 0.000000e+00 0.000000e+00 0.000000e+00   0.0%
------------------------------------------------------------------------
Total                2.591633e-06 4.126412e-06 4.428023e-06 1.114607e-05 100.0%
                            23.3%        37.0%        39.7%

