
===========================================================================
report_checks -unconstrained
===========================================================================
======================= max_ff_n40C_1v95 Corner ===================================

Startpoint: rst_n (input port clocked by clk)
Endpoint: _1576_ (recovery check against rising-edge clock clk)
Path Group: asynchronous
Path Type: max

Fanout         Cap        Slew       Delay        Time   Description
---------------------------------------------------------------------------------------------
                                  0.000000    0.000000   clock clk (rise edge)
                                  0.000000    0.000000   clock network delay (propagated)
                                500.000000  500.000000 ^ input external delay
     1    0.011994    0.045290    0.030127  500.030151 ^ rst_n (in)
                                                         rst_n (net)
                      0.045297    0.000000  500.030151 ^ input2/A (sky130_fd_sc_hd__buf_1)
     2    0.025493    0.225007    0.186901  500.217041 ^ input2/X (sky130_fd_sc_hd__buf_1)
                                                         net2 (net)
                      0.225016    0.001194  500.218231 ^ fanout119/A (sky130_fd_sc_hd__buf_2)
     7    0.043919    0.162733    0.191562  500.409790 ^ fanout119/X (sky130_fd_sc_hd__buf_2)
                                                         net119 (net)
                      0.162958    0.005002  500.414795 ^ fanout118/A (sky130_fd_sc_hd__clkbuf_4)
    10    0.052126    0.123482    0.183320  500.598114 ^ fanout118/X (sky130_fd_sc_hd__clkbuf_4)
                                                         net118 (net)
                      0.123704    0.004263  500.602386 ^ _1576_/RESET_B (sky130_fd_sc_hd__dfrtp_2)
                                            500.602386   data arrival time

                               2500.000000 2500.000000   clock clk (rise edge)
                                  0.000000 2500.000000   clock source latency
     1    0.021060    0.075261    0.051614 2500.051514 ^ clk (in)
                                                         clk (net)
                      0.075282    0.000000 2500.051514 ^ clkbuf_0_clk/A (sky130_fd_sc_hd__clkbuf_16)
     4    0.050074    0.052528    0.113914 2500.165527 ^ clkbuf_0_clk/X (sky130_fd_sc_hd__clkbuf_16)
                                                         clknet_0_clk (net)
                      0.052805    0.002728 2500.168213 ^ clkbuf_2_3__f_clk/A (sky130_fd_sc_hd__clkbuf_16)
    11    0.035811    0.042166    0.100499 2500.268799 ^ clkbuf_2_3__f_clk/X (sky130_fd_sc_hd__clkbuf_16)
                                                         clknet_2_3__leaf_clk (net)
                      0.042245    0.001364 2500.270020 ^ _1576_/CLK (sky130_fd_sc_hd__dfrtp_2)
                                 -0.250000 2500.020020   clock uncertainty
                                  0.000000 2500.020020   clock reconvergence pessimism
                                  0.111670 2500.131592   library recovery time
                                           2500.131592   data required time
---------------------------------------------------------------------------------------------
                                           2500.131592   data required time
                                           -500.602386   data arrival time
---------------------------------------------------------------------------------------------
                                           1999.529175   slack (MET)


Startpoint: ena (input port clocked by clk)
Endpoint: _1581_ (rising edge-triggered flip-flop clocked by clk)
Path Group: clk
Path Type: max

Fanout         Cap        Slew       Delay        Time   Description
---------------------------------------------------------------------------------------------
                                  0.000000    0.000000   clock clk (rise edge)
                                  0.000000    0.000000   clock network delay (propagated)
                                500.000000  500.000000 ^ input external delay
     1    0.009142    0.035628    0.023135  500.023163 ^ ena (in)
                                                         ena (net)
                      0.035633    0.000000  500.023163 ^ input1/A (sky130_fd_sc_hd__clkbuf_2)
     6    0.042899    0.180451    0.167802  500.190948 ^ input1/X (sky130_fd_sc_hd__clkbuf_2)
                                                         net1 (net)
                      0.180531    0.003183  500.194122 ^ _0787_/A (sky130_fd_sc_hd__inv_2)
     1    0.004942    0.036243    0.017110  500.211243 v _0787_/Y (sky130_fd_sc_hd__inv_2)
                                                         _0624_ (net)
                      0.036244    0.000341  500.211578 v fanout116/A (sky130_fd_sc_hd__buf_2)
     8    0.052459    0.089380    0.136822  500.348419 v fanout116/X (sky130_fd_sc_hd__buf_2)
                                                         net116 (net)
                      0.089627    0.003979  500.352386 v fanout115/A (sky130_fd_sc_hd__buf_2)
    10    0.051866    0.087664    0.159105  500.511505 v fanout115/X (sky130_fd_sc_hd__buf_2)
                                                         net115 (net)
                      0.088392    0.006310  500.517792 v _1496_/C (sky130_fd_sc_hd__or3_1)
     1    0.004876    0.051044    0.199009  500.716797 v _1496_/X (sky130_fd_sc_hd__or3_1)
                                                         _0720_ (net)
                      0.051044    0.000341  500.717163 v _1497_/D (sky130_fd_sc_hd__nor4_2)
     5    0.029694    0.520477    0.382215  501.099365 ^ _1497_/Y (sky130_fd_sc_hd__nor4_2)
                                                         _0721_ (net)
                      0.520484    0.001535  501.100891 ^ max_cap3/A (sky130_fd_sc_hd__clkbuf_2)
     6    0.030103    0.131538    0.174737  501.275635 ^ max_cap3/X (sky130_fd_sc_hd__clkbuf_2)
                                                         net3 (net)
                      0.131719    0.003922  501.279572 ^ _1516_/A1 (sky130_fd_sc_hd__a32o_1)
     1    0.004434    0.045844    0.105331  501.384888 ^ _1516_/X (sky130_fd_sc_hd__a32o_1)
                                                         _0011_ (net)
                      0.045846    0.000284  501.385162 ^ _1581_/D (sky130_fd_sc_hd__dfrtp_1)
                                            501.385162   data arrival time

                               2500.000000 2500.000000   clock clk (rise edge)
                                  0.000000 2500.000000   clock source latency
     1    0.021060    0.075261    0.051614 2500.051514 ^ clk (in)
                                                         clk (net)
                      0.075282    0.000000 2500.051514 ^ clkbuf_0_clk/A (sky130_fd_sc_hd__clkbuf_16)
     4    0.050074    0.052528    0.113914 2500.165527 ^ clkbuf_0_clk/X (sky130_fd_sc_hd__clkbuf_16)
                                                         clknet_0_clk (net)
                      0.052805    0.002728 2500.168213 ^ clkbuf_2_3__f_clk/A (sky130_fd_sc_hd__clkbuf_16)
    11    0.035811    0.042166    0.100499 2500.268799 ^ clkbuf_2_3__f_clk/X (sky130_fd_sc_hd__clkbuf_16)
                                                         clknet_2_3__leaf_clk (net)
                      0.042256    0.001364 2500.270020 ^ _1581_/CLK (sky130_fd_sc_hd__dfrtp_1)
                                 -0.250000 2500.020020   clock uncertainty
                                  0.000000 2500.020020   clock reconvergence pessimism
                                 -0.034818 2499.985107   library setup time
                                           2499.985107   data required time
---------------------------------------------------------------------------------------------
                                           2499.985107   data required time
                                           -501.385162   data arrival time
---------------------------------------------------------------------------------------------
                                           1998.600098   slack (MET)




===========================================================================
report_checks --slack_max -0.01
============================================================================
======================= max_ff_n40C_1v95 Corner ===================================

No paths found.


===========================================================================
 report_check_types -max_slew -max_cap -max_fanout -violators
============================================================================
======================= max_ff_n40C_1v95 Corner ===================================

max fanout

Pin                                   Limit Fanout  Slack
---------------------------------------------------------
clkbuf_2_2__f_clk/X                      10     11        (VIOLATED)
clkbuf_2_3__f_clk/X                      10     11        (VIOLATED)



===========================================================================
report_parasitic_annotation -report_unannotated
============================================================================
Found 42 unannotated drivers.
 ui_in[0]
 ui_in[1]
 ui_in[2]
 ui_in[3]
 ui_in[4]
 ui_in[5]
 ui_in[6]
 ui_in[7]
 uio_in[0]
 uio_in[1]
 uio_in[2]
 uio_in[3]
 uio_in[4]
 uio_in[5]
 uio_in[6]
 uio_in[7]
 clkload0/Y
 clkload1/Y
 clkload2/X
 tt_um_audio_player_121/HI
 tt_um_audio_player_122/HI
 tt_um_audio_player_123/HI
 tt_um_audio_player_124/HI
 tt_um_audio_player_125/HI
 tt_um_audio_player_126/HI
 tt_um_audio_player_127/HI
 tt_um_audio_player_128/HI
 tt_um_audio_player_129/HI
 tt_um_audio_player_130/HI
 tt_um_audio_player_131/HI
 tt_um_audio_player_132/HI
 tt_um_audio_player_133/HI
 tt_um_audio_player_134/HI
 tt_um_audio_player_135/HI
 tt_um_audio_player_136/HI
 tt_um_audio_player_137/HI
 tt_um_audio_player_138/HI
 tt_um_audio_player_139/HI
 tt_um_audio_player_140/HI
 tt_um_audio_player_141/HI
 tt_um_audio_player_142/HI
 tt_um_audio_player_143/HI
Found 0 partially unannotated drivers.

===========================================================================
max slew violation count 0
max fanout violation count 2
max cap violation count 0
============================================================================

===========================================================================
check_setup -verbose -unconstrained_endpoints -multiple_clock -no_clock -no_input_delay -loops -generated_clocks
===========================================================================
Warning: There are 23 unconstrained endpoints.
  uio_oe[0]
  uio_oe[1]
  uio_oe[2]
  uio_oe[3]
  uio_oe[4]
  uio_oe[5]
  uio_oe[6]
  uio_oe[7]
  uio_out[0]
  uio_out[1]
  uio_out[2]
  uio_out[3]
  uio_out[4]
  uio_out[5]
  uio_out[6]
  uio_out[7]
  uo_out[1]
  uo_out[2]
  uo_out[3]
  uo_out[4]
  uo_out[5]
  uo_out[6]
  uo_out[7]
