
===========================================================================
 report_power
============================================================================
======================= max_ff_n40C_1v95 Corner ===================================

Group                    Internal    Switching      Leakage        Total
                            Power        Power        Power        Power (Watts)
------------------------------------------------------------------------
Sequential           7.539654e-07 1.626742e-07 6.462347e-10 9.172858e-07   9.0%
Combinational        2.393332e-06 6.104484e-06 6.641128e-09 8.504458e-06  83.8%
Clock                4.310422e-07 2.876100e-07 7.630655e-09 7.262829e-07   7.2%
Macro                0.000000e+00 0.000000e+00 0.000000e+00 0.000000e+00   0.0%
Pad                  0.000000e+00 0.000000e+00 0.000000e+00 0.000000e+00   0.0%
------------------------------------------------------------------------
Total                3.578339e-06 6.554769e-06 1.491802e-08 1.014803e-05 100.0%
                            35.3%        64.6%         0.1%

