
===========================================================================
 report_power
============================================================================
======================= min_tt_025C_1v80 Corner ===================================

Group                    Internal    Switching      Leakage        Total
                            Power        Power        Power        Power (Watts)
------------------------------------------------------------------------
Sequential           6.491163e-07 1.195546e-07 4.526934e-10 7.691236e-07   9.5%
Combinational        2.196826e-06 4.558510e-06 3.200045e-09 6.758537e-06  83.1%
Clock                3.766370e-07 2.224901e-07 6.268619e-09 6.053958e-07   7.4%
Macro                0.000000e+00 0.000000e+00 0.000000e+00 0.000000e+00   0.0%
Pad                  0.000000e+00 0.000000e+00 0.000000e+00 0.000000e+00   0.0%
------------------------------------------------------------------------
Total                3.222580e-06 4.900553e-06 9.921336e-09 8.133055e-06 100.0%
                            39.6%        60.3%         0.1%

