
===========================================================================
report_checks -unconstrained
===========================================================================
======================= max_tt_025C_1v80 Corner ===================================

Startpoint: rst_n (input port clocked by clk)
Endpoint: _1576_ (recovery check against rising-edge clock clk)
Path Group: asynchronous
Path Type: max

Fanout         Cap        Slew       Delay        Time   Description
---------------------------------------------------------------------------------------------
                                  0.000000    0.000000   clock clk (rise edge)
                                  0.000000    0.000000   clock network delay (propagated)
                                500.000000  500.000000 ^ input external delay
     1    0.011927    0.060029    0.040416  500.040436 ^ rst_n (in)
                                                         rst_n (net)
                      0.060034    0.000000  500.040436 ^ input2/A (sky130_fd_sc_hd__buf_1)
     2    0.025391    0.300620    0.263981  500.304413 ^ input2/X (sky130_fd_sc_hd__buf_1)
                                                         net2 (net)
                      0.300627    0.001194  500.305603 ^ fanout119/A (sky130_fd_sc_hd__buf_2)
     7    0.043921    0.215436    0.302123  500.607727 ^ fanout119/X (sky130_fd_sc_hd__buf_2)
                                                         net119 (net)
                      0.215677    0.005002  500.612732 ^ fanout118/A (sky130_fd_sc_hd__clkbuf_4)
    10    0.052204    0.162151    0.279840  500.892578 ^ fanout118/X (sky130_fd_sc_hd__clkbuf_4)
                                                         net118 (net)
                      0.162396    0.004320  500.896881 ^ _1576_/RESET_B (sky130_fd_sc_hd__dfrtp_2)
                                            500.896881   data arrival time

                               2500.000000 2500.000000   clock clk (rise edge)
                                  0.000000 2500.000000   clock source latency
     1    0.020991    0.100171    0.069122 2500.069092 ^ clk (in)
                                                         clk (net)
                      0.100186    0.000000 2500.069092 ^ clkbuf_0_clk/A (sky130_fd_sc_hd__clkbuf_16)
     4    0.049798    0.068779    0.168484 2500.237549 ^ clkbuf_0_clk/X (sky130_fd_sc_hd__clkbuf_16)
                                                         clknet_0_clk (net)
                      0.068926    0.002501 2500.240234 ^ clkbuf_2_3__f_clk/A (sky130_fd_sc_hd__clkbuf_16)
    11    0.034928    0.055256    0.146656 2500.386719 ^ clkbuf_2_3__f_clk/X (sky130_fd_sc_hd__clkbuf_16)
                                                         clknet_2_3__leaf_clk (net)
                      0.055324    0.001137 2500.387939 ^ _1576_/CLK (sky130_fd_sc_hd__dfrtp_2)
                                 -0.250000 2500.137695   clock uncertainty
                                  0.000000 2500.137695   clock reconvergence pessimism
                                  0.187384 2500.325195   library recovery time
                                           2500.325195   data required time
---------------------------------------------------------------------------------------------
                                           2500.325195   data required time
                                           -500.896881   data arrival time
---------------------------------------------------------------------------------------------
                                           1999.428223   slack (MET)


Startpoint: ena (input port clocked by clk)
Endpoint: _1581_ (rising edge-triggered flip-flop clocked by clk)
Path Group: clk
Path Type: max

Fanout         Cap        Slew       Delay        Time   Description
---------------------------------------------------------------------------------------------
                                  0.000000    0.000000   clock clk (rise edge)
                                  0.000000    0.000000   clock network delay (propagated)
                                500.000000  500.000000 ^ input external delay
     1    0.009105    0.047449    0.031264  500.031281 ^ ena (in)
                                                         ena (net)
                      0.047453    0.000000  500.031281 ^ input1/A (sky130_fd_sc_hd__clkbuf_2)
     6    0.042768    0.233891    0.234934  500.266205 ^ input1/X (sky130_fd_sc_hd__clkbuf_2)
                                                         net1 (net)
                      0.233952    0.003126  500.269348 ^ _0787_/A (sky130_fd_sc_hd__inv_2)
     1    0.004870    0.047877    0.054342  500.323669 v _0787_/Y (sky130_fd_sc_hd__inv_2)
                                                         _0624_ (net)
                      0.047877    0.000341  500.324005 v fanout116/A (sky130_fd_sc_hd__buf_2)
     8    0.051917    0.125902    0.205887  500.529907 v fanout116/X (sky130_fd_sc_hd__buf_2)
                                                         net116 (net)
                      0.126075    0.003922  500.533844 v fanout115/A (sky130_fd_sc_hd__buf_2)
    10    0.050849    0.123241    0.240846  500.774689 v fanout115/X (sky130_fd_sc_hd__buf_2)
                                                         net115 (net)
                      0.123757    0.006196  500.780884 v _1496_/C (sky130_fd_sc_hd__or3_1)
     1    0.004880    0.076446    0.344301  501.125183 v _1496_/X (sky130_fd_sc_hd__or3_1)
                                                         _0720_ (net)
                      0.076446    0.000341  501.125519 v _1497_/D (sky130_fd_sc_hd__nor4_2)
     5    0.029516    0.725110    0.553257  501.678772 ^ _1497_/Y (sky130_fd_sc_hd__nor4_2)
                                                         _0721_ (net)
                      0.725114    0.001535  501.680298 ^ max_cap3/A (sky130_fd_sc_hd__clkbuf_2)
     6    0.029814    0.169405    0.321563  502.001862 ^ max_cap3/X (sky130_fd_sc_hd__clkbuf_2)
                                                         net3 (net)
                      0.169512    0.003922  502.005798 ^ _1516_/A1 (sky130_fd_sc_hd__a32o_1)
     1    0.004354    0.066050    0.191278  502.197083 ^ _1516_/X (sky130_fd_sc_hd__a32o_1)
                                                         _0011_ (net)
                      0.066051    0.000284  502.197357 ^ _1581_/D (sky130_fd_sc_hd__dfrtp_1)
                                            502.197357   data arrival time

                               2500.000000 2500.000000   clock clk (rise edge)
                                  0.000000 2500.000000   clock source latency
     1    0.020991    0.100171    0.069122 2500.069092 ^ clk (in)
                                                         clk (net)
                      0.100186    0.000000 2500.069092 ^ clkbuf_0_clk/A (sky130_fd_sc_hd__clkbuf_16)
     4    0.049798    0.068779    0.168484 2500.237549 ^ clkbuf_0_clk/X (sky130_fd_sc_hd__clkbuf_16)
                                                         clknet_0_clk (net)
                      0.068926    0.002501 2500.240234 ^ clkbuf_2_3__f_clk/A (sky130_fd_sc_hd__clkbuf_16)
    11    0.034928    0.055256    0.146656 2500.386719 ^ clkbuf_2_3__f_clk/X (sky130_fd_sc_hd__clkbuf_16)
                                                         clknet_2_3__leaf_clk (net)
                      0.055333    0.001137 2500.387939 ^ _1581_/CLK (sky130_fd_sc_hd__dfrtp_1)
                                 -0.250000 2500.137695   clock uncertainty
                                  0.000000 2500.137695   clock reconvergence pessimism
                                 -0.063126 2500.074707   library setup time
                                           2500.074707   data required time
---------------------------------------------------------------------------------------------
                                           2500.074707   data required time
                                           -502.197357   data arrival time
---------------------------------------------------------------------------------------------
                                           1997.877319   slack (MET)




===========================================================================
report_checks --slack_max -0.01
============================================================================
======================= max_tt_025C_1v80 Corner ===================================

No paths found.


===========================================================================
 report_check_types -max_slew -max_cap -max_fanout -violators
============================================================================
======================= max_tt_025C_1v80 Corner ===================================

max fanout

Pin                                   Limit Fanout  Slack
---------------------------------------------------------
clkbuf_2_2__f_clk/X                      10     11        (VIOLATED)
clkbuf_2_3__f_clk/X                      10     11        (VIOLATED)



===========================================================================
report_parasitic_annotation -report_unannotated
============================================================================
Found 42 unannotated drivers.
 ui_in[0]
 ui_in[1]
 ui_in[2]
 ui_in[3]
 ui_in[4]
 ui_in[5]
 ui_in[6]
 ui_in[7]
 uio_in[0]
 uio_in[1]
 uio_in[2]
 uio_in[3]
 uio_in[4]
 uio_in[5]
 uio_in[6]
 uio_in[7]
 clkload0/Y
 clkload1/Y
 clkload2/X
 tt_um_audio_player_121/HI
 tt_um_audio_player_122/HI
 tt_um_audio_player_123/HI
 tt_um_audio_player_124/HI
 tt_um_audio_player_125/HI
 tt_um_audio_player_126/HI
 tt_um_audio_player_127/HI
 tt_um_audio_player_128/HI
 tt_um_audio_player_129/HI
 tt_um_audio_player_130/HI
 tt_um_audio_player_131/HI
 tt_um_audio_player_132/HI
 tt_um_audio_player_133/HI
 tt_um_audio_player_134/HI
 tt_um_audio_player_135/HI
 tt_um_audio_player_136/HI
 tt_um_audio_player_137/HI
 tt_um_audio_player_138/HI
 tt_um_audio_player_139/HI
 tt_um_audio_player_140/HI
 tt_um_audio_player_141/HI
 tt_um_audio_player_142/HI
 tt_um_audio_player_143/HI
Found 0 partially unannotated drivers.

===========================================================================
max slew violation count 0
max fanout violation count 2
max cap violation count 0
============================================================================

===========================================================================
check_setup -verbose -unconstrained_endpoints -multiple_clock -no_clock -no_input_delay -loops -generated_clocks
===========================================================================
Warning: There are 23 unconstrained endpoints.
  uio_oe[0]
  uio_oe[1]
  uio_oe[2]
  uio_oe[3]
  uio_oe[4]
  uio_oe[5]
  uio_oe[6]
  uio_oe[7]
  uio_out[0]
  uio_out[1]
  uio_out[2]
  uio_out[3]
  uio_out[4]
  uio_out[5]
  uio_out[6]
  uio_out[7]
  uo_out[1]
  uo_out[2]
  uo_out[3]
  uo_out[4]
  uo_out[5]
  uo_out[6]
  uo_out[7]
