
===========================================================================
 report_power
============================================================================
======================= max_tt_025C_1v80 Corner ===================================

Group                    Internal    Switching      Leakage        Total
                            Power        Power        Power        Power (Watts)
------------------------------------------------------------------------
Sequential           6.487288e-07 1.374600e-07 4.526934e-10 7.866415e-07   9.0%
Combinational        2.198595e-06 5.174052e-06 3.200045e-09 7.375847e-06  83.9%
Clock                3.770994e-07 2.406668e-07 6.268619e-09 6.240348e-07   7.1%
Macro                0.000000e+00 0.000000e+00 0.000000e+00 0.000000e+00   0.0%
Pad                  0.000000e+00 0.000000e+00 0.000000e+00 0.000000e+00   0.0%
------------------------------------------------------------------------
Total                3.224423e-06 5.552178e-06 9.921336e-09 8.786522e-06 100.0%
                            36.7%        63.2%         0.1%

