
===========================================================================
 report_power
============================================================================
======================= nom_ff_n40C_1v95 Corner ===================================

Group                    Internal    Switching      Leakage        Total
                            Power        Power        Power        Power (Watts)
------------------------------------------------------------------------
Sequential           7.677206e-07 8.606738e-07 7.529639e-10 1.629147e-06  27.5%
Combinational        2.453200e-06 1.843228e-06 7.130869e-09 4.303559e-06  72.5%
Clock                0.000000e+00 0.000000e+00 0.000000e+00 0.000000e+00   0.0%
Macro                0.000000e+00 0.000000e+00 0.000000e+00 0.000000e+00   0.0%
Pad                  0.000000e+00 0.000000e+00 0.000000e+00 0.000000e+00   0.0%
------------------------------------------------------------------------
Total                3.220920e-06 2.703902e-06 7.883836e-09 5.932706e-06 100.0%
                            54.3%        45.6%         0.1%

